Component: ARM Compiler 5.06 update 7 (build 960) Tool: armlink [4d3601]

==============================================================================

Section Cross References

    startup_stm32f407xx.o(STACK) refers (Special) to heapauxi.o(.text) for __use_two_region_memory
    startup_stm32f407xx.o(HEAP) refers (Special) to heapauxi.o(.text) for __use_two_region_memory
    startup_stm32f407xx.o(RESET) refers (Special) to heapauxi.o(.text) for __use_two_region_memory
    startup_stm32f407xx.o(RESET) refers to startup_stm32f407xx.o(STACK) for __initial_sp
    startup_stm32f407xx.o(RESET) refers to startup_stm32f407xx.o(.text) for Reset_Handler
    startup_stm32f407xx.o(RESET) refers to stm32f4xx_it.o(i.NMI_Handler) for NMI_Handler
    startup_stm32f407xx.o(RESET) refers to stm32f4xx_it.o(i.HardFault_Handler) for HardFault_Handler
    startup_stm32f407xx.o(RESET) refers to stm32f4xx_it.o(i.MemManage_Handler) for MemManage_Handler
    startup_stm32f407xx.o(RESET) refers to stm32f4xx_it.o(i.BusFault_Handler) for BusFault_Handler
    startup_stm32f407xx.o(RESET) refers to stm32f4xx_it.o(i.UsageFault_Handler) for UsageFault_Handler
    startup_stm32f407xx.o(RESET) refers to port.o(.emb_text) for SVC_Handler
    startup_stm32f407xx.o(RESET) refers to stm32f4xx_it.o(i.DebugMon_Handler) for DebugMon_Handler
    startup_stm32f407xx.o(RESET) refers to cmsis_os2.o(i.SysTick_Handler) for SysTick_Handler
    startup_stm32f407xx.o(RESET) refers to stm32f4xx_it.o(i.EXTI4_IRQHandler) for EXTI4_IRQHandler
    startup_stm32f407xx.o(RESET) refers to stm32f4xx_it.o(i.DMA1_Stream1_IRQHandler) for DMA1_Stream1_IRQHandler
    startup_stm32f407xx.o(RESET) refers to stm32f4xx_it.o(i.DMA1_Stream3_IRQHandler) for DMA1_Stream3_IRQHandler
    startup_stm32f407xx.o(RESET) refers to stm32f4xx_it.o(i.DMA1_Stream5_IRQHandler) for DMA1_Stream5_IRQHandler
    startup_stm32f407xx.o(RESET) refers to stm32f4xx_it.o(i.DMA1_Stream6_IRQHandler) for DMA1_Stream6_IRQHandler
    startup_stm32f407xx.o(RESET) refers to stm32f4xx_it.o(i.CAN1_TX_IRQHandler) for CAN1_TX_IRQHandler
    startup_stm32f407xx.o(RESET) refers to stm32f4xx_it.o(i.CAN1_RX0_IRQHandler) for CAN1_RX0_IRQHandler
    startup_stm32f407xx.o(RESET) refers to stm32f4xx_it.o(i.EXTI9_5_IRQHandler) for EXTI9_5_IRQHandler
    startup_stm32f407xx.o(RESET) refers to stm32f4xx_it.o(i.TIM1_UP_TIM10_IRQHandler) for TIM1_UP_TIM10_IRQHandler
    startup_stm32f407xx.o(RESET) refers to stm32f4xx_it.o(i.TIM4_IRQHandler) for TIM4_IRQHandler
    startup_stm32f407xx.o(RESET) refers to stm32f4xx_it.o(i.USART2_IRQHandler) for USART2_IRQHandler
    startup_stm32f407xx.o(RESET) refers to stm32f4xx_it.o(i.USART3_IRQHandler) for USART3_IRQHandler
    startup_stm32f407xx.o(RESET) refers to stm32f4xx_it.o(i.EXTI15_10_IRQHandler) for EXTI15_10_IRQHandler
    startup_stm32f407xx.o(RESET) refers to stm32f4xx_it.o(i.DMA2_Stream1_IRQHandler) for DMA2_Stream1_IRQHandler
    startup_stm32f407xx.o(RESET) refers to stm32f4xx_it.o(i.CAN2_TX_IRQHandler) for CAN2_TX_IRQHandler
    startup_stm32f407xx.o(RESET) refers to stm32f4xx_it.o(i.CAN2_RX0_IRQHandler) for CAN2_RX0_IRQHandler
    startup_stm32f407xx.o(RESET) refers to stm32f4xx_it.o(i.DMA2_Stream6_IRQHandler) for DMA2_Stream6_IRQHandler
    startup_stm32f407xx.o(RESET) refers to stm32f4xx_it.o(i.USART6_IRQHandler) for USART6_IRQHandler
    startup_stm32f407xx.o(.text) refers (Special) to heapauxi.o(.text) for __use_two_region_memory
    startup_stm32f407xx.o(.text) refers to system_stm32f4xx.o(i.SystemInit) for SystemInit
    startup_stm32f407xx.o(.text) refers to __main.o(!!!main) for __main
    startup_stm32f407xx.o(.text) refers to startup_stm32f407xx.o(HEAP) for Heap_Mem
    startup_stm32f407xx.o(.text) refers to startup_stm32f407xx.o(STACK) for Stack_Mem
    main.o(i.HAL_TIM_PeriodElapsedCallback) refers to stm32f4xx_hal.o(i.HAL_IncTick) for HAL_IncTick
    main.o(i.HAL_TIM_PeriodElapsedCallback) refers to motorctrl.o(i.assign_output) for assign_output
    main.o(i.HAL_TIM_PeriodElapsedCallback) refers to pid_model.o(i.PID_MODEL_step) for PID_MODEL_step
    main.o(i.HAL_TIM_PeriodElapsedCallback) refers to bsp_can.o(i.motor_state_update) for motor_state_update
    main.o(i.HAL_TIM_PeriodElapsedCallback) refers to bsp_can.o(i.motor_state_update1) for motor_state_update1
    main.o(i.HAL_TIM_PeriodElapsedCallback) refers to tim.o(.bss) for htim10
    main.o(i.HAL_UART_ErrorCallback) refers to stm32f4xx_hal_uart.o(i.HAL_UART_Receive_DMA) for HAL_UART_Receive_DMA
    main.o(i.HAL_UART_ErrorCallback) refers to main.o(.bss) for .bss
    main.o(i.HAL_UART_ErrorCallback) refers to usart.o(.bss) for huart3
    main.o(i.HAL_UART_ErrorCallback) refers to main.o(.data) for .data
    main.o(i.HAL_UART_RxCpltCallback) refers to calculate.o(i.CAL_MESSAGE) for CAL_MESSAGE
    main.o(i.HAL_UART_RxCpltCallback) refers to stm32f4xx_hal_uart.o(i.HAL_UART_Receive_DMA) for HAL_UART_Receive_DMA
    main.o(i.HAL_UART_RxCpltCallback) refers to solve.o(i.Receive) for Receive
[...]
    HAL_DMA_Abort                            0x0800162b   Thumb Code   146  stm32f4xx_hal_dma.o(i.HAL_DMA_Abort)
    HAL_DMA_Abort_IT                         0x080016bd   Thumb Code    36  stm32f4xx_hal_dma.o(i.HAL_DMA_Abort_IT)
    HAL_DMA_IRQHandler                       0x080016e1   Thumb Code   412  stm32f4xx_hal_dma.o(i.HAL_DMA_IRQHandler)
    HAL_DMA_Init                             0x08001881   Thumb Code   206  stm32f4xx_hal_dma.o(i.HAL_DMA_Init)
    HAL_DMA_Start_IT                         0x08001955   Thumb Code   110  stm32f4xx_hal_dma.o(i.HAL_DMA_Start_IT)
    HAL_GPIO_EXTI_Callback                   0x080019c5   Thumb Code   388  gpio.o(i.HAL_GPIO_EXTI_Callback)
    HAL_GPIO_EXTI_IRQHandler                 0x08001b7d   Thumb Code    18  stm32f4xx_hal_gpio.o(i.HAL_GPIO_EXTI_IRQHandler)
    HAL_GPIO_Init                            0x08001b95   Thumb Code   450  stm32f4xx_hal_gpio.o(i.HAL_GPIO_Init)
    HAL_GetTick                              0x08001d85   Thumb Code     6  stm32f4xx_hal.o(i.HAL_GetTick)
    HAL_IWDG_Init                            0x08001d91   Thumb Code    90  stm32f4xx_hal_iwdg.o(i.HAL_IWDG_Init)
    HAL_IWDG_Refresh                         0x08001deb   Thumb Code    12  stm32f4xx_hal_iwdg.o(i.HAL_IWDG_Refresh)
    HAL_IncTick                              0x08001df9   Thumb Code    12  stm32f4xx_hal.o(i.HAL_IncTick)
    HAL_Init                                 0x08001e09   Thumb Code    48  stm32f4xx_hal.o(i.HAL_Init)
    HAL_InitTick                             0x08001e3d   Thumb Code   132  stm32f4xx_hal_timebase_tim.o(i.HAL_InitTick)
    HAL_MspInit                              0x08001ed5   Thumb Code    52  stm32f4xx_hal_msp.o(i.HAL_MspInit)
    HAL_NVIC_EnableIRQ                       0x08001f0d   Thumb Code    26  stm32f4xx_hal_cortex.o(i.HAL_NVIC_EnableIRQ)
    HAL_NVIC_SetPriority                     0x08001f29   Thumb Code    60  stm32f4xx_hal_cortex.o(i.HAL_NVIC_SetPriority)
    HAL_NVIC_SetPriorityGrouping             0x08001f69   Thumb Code    26  stm32f4xx_hal_cortex.o(i.HAL_NVIC_SetPriorityGrouping)
    HAL_RCC_ClockConfig                      0x08001f8d   Thumb Code   288  stm32f4xx_hal_rcc.o(i.HAL_RCC_ClockConfig)
    HAL_RCC_GetClockConfig                   0x080020c1   Thumb Code    54  stm32f4xx_hal_rcc.o(i.HAL_RCC_GetClockConfig)
    HAL_RCC_GetHCLKFreq                      0x08002101   Thumb Code     6  stm32f4xx_hal_rcc.o(i.HAL_RCC_GetHCLKFreq)
    HAL_RCC_GetPCLK1Freq                     0x0800210d   Thumb Code    20  stm32f4xx_hal_rcc.o(i.HAL_RCC_GetPCLK1Freq)
    HAL_RCC_GetPCLK2Freq                     0x0800212d   Thumb Code    20  stm32f4xx_hal_rcc.o(i.HAL_RCC_GetPCLK2Freq)
    HAL_RCC_GetSysClockFreq                  0x0800214d   Thumb Code    88  stm32f4xx_hal_rcc.o(i.HAL_RCC_GetSysClockFreq)
    HAL_RCC_OscConfig                        0x080021ad   Thumb Code   856  stm32f4xx_hal_rcc.o(i.HAL_RCC_OscConfig)
    HAL_TIMEx_BreakCallback                  0x08002519   Thumb Code     2  stm32f4xx_hal_tim_ex.o(i.HAL_TIMEx_BreakCallback)
    HAL_TIMEx_CommutCallback                 0x0800251b   Thumb Code     2  stm32f4xx_hal_tim_ex.o(i.HAL_TIMEx_CommutCallback)
    HAL_TIMEx_MasterConfigSynchronization    0x0800251d   Thumb Code   116  stm32f4xx_hal_tim_ex.o(i.HAL_TIMEx_MasterConfigSynchronization)
    HAL_TIM_Base_Init                        0x080025ad   Thumb Code    90  stm32f4xx_hal_tim.o(i.HAL_TIM_Base_Init)
    HAL_TIM_Base_MspInit                     0x08002609   Thumb Code    50  tim.o(i.HAL_TIM_Base_MspInit)
    HAL_TIM_Base_Start_IT                    0x08002645   Thumb Code   100  stm32f4xx_hal_tim.o(i.HAL_TIM_Base_Start_IT)
    HAL_TIM_IC_CaptureCallback               0x080026c5   Thumb Code     2  stm32f4xx_hal_tim.o(i.HAL_TIM_IC_CaptureCallback)
    HAL_TIM_IRQHandler                       0x080026c7   Thumb Code   304  stm32f4xx_hal_tim.o(i.HAL_TIM_IRQHandler)
    HAL_TIM_MspPostInit                      0x080027f9   Thumb Code   214  tim.o(i.HAL_TIM_MspPostInit)
    HAL_TIM_OC_DelayElapsedCallback          0x080028e5   Thumb Code     2  stm32f4xx_hal_tim.o(i.HAL_TIM_OC_DelayElapsedCallback)
    HAL_TIM_PWM_ConfigChannel                0x080028e7   Thumb Code   204  stm32f4xx_hal_tim.o(i.HAL_TIM_PWM_ConfigChannel)
    HAL_TIM_PWM_Init                         0x080029b3   Thumb Code    90  stm32f4xx_hal_tim.o(i.HAL_TIM_PWM_Init)
    HAL_TIM_PWM_MspInit                      0x08002a0d   Thumb Code    74  tim.o(i.HAL_TIM_PWM_MspInit)
    HAL_TIM_PWM_PulseFinishedCallback        0x08002a65   Thumb Code     2  stm32f4xx_hal_tim.o(i.HAL_TIM_PWM_PulseFinishedCallback)
    HAL_TIM_PWM_Start                        0x08002a69   Thumb Code   172  stm32f4xx_hal_tim.o(i.HAL_TIM_PWM_Start)
    HAL_TIM_PeriodElapsedCallback            0x08002b31   Thumb Code    44  main.o(i.HAL_TIM_PeriodElapsedCallback)
    HAL_TIM_TriggerCallback                  0x08002b65   Thumb Code     2  stm32f4xx_hal_tim.o(i.HAL_TIM_TriggerCallback)
    HAL_UARTEx_RxEventCallback               0x08002b67   Thumb Code     2  stm32f4xx_hal_uart.o(i.HAL_UARTEx_RxEventCallback)
    HAL_UART_ErrorCallback                   0x08002b69   Thumb Code    54  main.o(i.HAL_UART_ErrorCallback)
    HAL_UART_IRQHandler                      0x08002bb9   Thumb Code   618  stm32f4xx_hal_uart.o(i.HAL_UART_IRQHandler)
    HAL_UART_Init                            0x08002e29   Thumb Code   100  stm32f4xx_hal_uart.o(i.HAL_UART_Init)
    HAL_UART_MspInit                         0x08002e8d   Thumb Code   632  usart.o(i.HAL_UART_MspInit)
    HAL_UART_Receive_DMA                     0x08003131   Thumb Code    28  stm32f4xx_hal_uart.o(i.HAL_UART_Receive_DMA)
    HAL_UART_RxCpltCallback                  0x0800314d   Thumb Code   408  main.o(i.HAL_UART_RxCpltCallback)
    HAL_UART_RxHalfCpltCallback              0x08003309   Thumb Code     2  stm32f4xx_hal_uart.o(i.HAL_UART_RxHalfCpltCallback)
    HAL_UART_Transmit_DMA                    0x0800330d   Thumb Code   106  stm32f4xx_hal_uart.o(i.HAL_UART_Transmit_DMA)
    HAL_UART_TxCpltCallback                  0x08003385   Thumb Code     2  stm32f4xx_hal_uart.o(i.HAL_UART_TxCpltCallback)
    HAL_UART_TxHalfCpltCallback              0x08003387   Thumb Code     2  stm32f4xx_hal_uart.o(i.HAL_UART_TxHalfCpltCallback)
    HardFault_Handler                        0x08003389   Thumb Code     2  stm32f4xx_it.o(i.HardFault_Handler)
    MX_CAN1_Init                             0x0800338d   Thumb Code    60  can.o(i.MX_CAN1_Init)
    MX_CAN2_Init                             0x080033d1   Thumb Code    60  can.o(i.MX_CAN2_Init)
    MX_DMA_Init                              0x08003415   Thumb Code   136  dma.o(i.MX_DMA_Init)
    MX_FREERTOS_Init                         0x080034a1   Thumb Code    88  freertos.o(i.MX_FREERTOS_Init)
    MX_GPIO_Init                             0x08003519   Thumb Code   228  gpio.o(i.MX_GPIO_Init)
    MX_IWDG_Init                             0x08003611   Thumb Code    36  iwdg.o(i.MX_IWDG_Init)
    MX_TIM10_Init                            0x0800363d   Thumb Code    46  tim.o(i.MX_TIM10_Init)
    MX_TIM2_Init                             0x08003675   Thumb Code   128  tim.o(i.MX_TIM2_Init)
    MX_TIM3_Init                             0x080036f9   Thumb Code   140  tim.o(i.MX_TIM3_Init)
    MX_TIM5_Init                             0x0800378d   Thumb Code   144  tim.o(i.MX_TIM5_Init)
    MX_USART2_UART_Init                      0x08003825   Thumb Code    56  usart.o(i.MX_USART2_UART_Init)
    MX_USART3_UART_Init                      0x08003865   Thumb Code    48  usart.o(i.MX_USART3_UART_Init)
    MX_USART6_UART_Init                      0x0800389d   Thumb Code    52  usart.o(i.MX_USART6_UART_Init)
    MemManage_Handler                        0x080038dd   Thumb Code     2  stm32f4xx_it.o(i.MemManage_Handler)
    NMI_Handler                              0x080038df   Thumb Code     2  stm32f4xx_it.o(i.NMI_Handler)
    PID_Angle_A_Para_Init                    0x080038e1   Thumb Code   536  motorctrl.o(i.PID_Angle_A_Para_Init)
    PID_Angle_S_Para_Init                    0x08003afd   Thumb Code   364  motorctrl.o(i.PID_Angle_S_Para_Init)
    PID_MODEL_initialize                     0x08003c6d   Thumb Code    64  pid_model.o(i.PID_MODEL_initialize)
    PID_MODEL_step                           0x08003cb5   Thumb Code  6166  pid_model.o(i.PID_MODEL_step)
    PID_Speed_Para_Init                      0x080054d1   Thumb Code   392  motorctrl.o(i.PID_Speed_Para_Init)
    Reach_TGT                                0x0800565d   Thumb Code  1288  solve.o(i.Reach_TGT)
    Receive                                  0x08005b7d   Thumb Code    52  solve.o(i.Receive)
    Set_servo                                0x08005bbd   Thumb Code   190  throwball.o(i.Set_servo)
    StartDefaultTask                         0x08005c95   Thumb Code   268  freertos.o(i.StartDefaultTask)
    StartRiseBall                            0x08005ddd   Thumb Code   260  freertos.o(i.StartRiseBall)
    StartThrowball                           0x08005f09   Thumb Code   226  freertos.o(i.StartThrowball)
    StartTransmit                            0x08005ffd   Thumb Code   112  freertos.o(i.StartTransmit)
    SysTick_Handler                          0x080060a1   Thumb Code    26  cmsis_os2.o(i.SysTick_Handler)
    SystemClock_Config                       0x080060bd   Thumb Code   144  main.o(i.SystemClock_Config)
    SystemInit                               0x08006155   Thumb Code    12  system_stm32f4xx.o(i.SystemInit)
    TIM1_UP_TIM10_IRQHandler                 0x08006165   Thumb Code     6  stm32f4xx_it.o(i.TIM1_UP_TIM10_IRQHandler)
    TIM4_IRQHandler                          0x08006171   Thumb Code     6  stm32f4xx_it.o(i.TIM4_IRQHandler)
    TIM_Base_SetConfig                       0x0800617d   Thumb Code   170  stm32f4xx_hal_tim.o(i.TIM_Base_SetConfig)
    TIM_CCxChannelCmd                        0x08006255   Thumb Code    26  stm32f4xx_hal_tim.o(i.TIM_CCxChannelCmd)
    TIM_OC2_SetConfig                        0x080062d1   Thumb Code    98  stm32f4xx_hal_tim.o(i.TIM_OC2_SetConfig)
    UART_Start_Receive_DMA                   0x08006779   Thumb Code   130  stm32f4xx_hal_uart.o(i.UART_Start_Receive_DMA)
    USART2_IRQHandler                        0x08006809   Thumb Code     6  stm32f4xx_it.o(i.USART2_IRQHandler)
    USART3_IRQHandler                        0x08006815   Thumb Code     6  stm32f4xx_it.o(i.USART3_IRQHandler)
    USART6_IRQHandler                        0x08006821   Thumb Code     6  stm32f4xx_it.o(i.USART6_IRQHandler)
    UsageFault_Handler                       0x0800682d   Thumb Code     2  stm32f4xx_it.o(i.UsageFault_Handler)
    __ARM_fpclassify                         0x0800682f   Thumb Code    48  fpclassify.o(i.__ARM_fpclassify)
    __hardfp_atan                            0x08006881   Thumb Code   622  atan.o(i.__hardfp_atan)
    __hardfp_atan2                           0x08006b59   Thumb Code   448  atan2.o(i.__hardfp_atan2)
    __hardfp_cos                             0x08006d59   Thumb Code   180  cos.o(i.__hardfp_cos)
    __hardfp_fabs                            0x08006e21   Thumb Code    20  fabs.o(i.__hardfp_fabs)
    __hardfp_pow                             0x08006e39   Thumb Code  3072  pow.o(i.__hardfp_pow)
    __hardfp_sin                             0x08007a89   Thumb Code   180  sin.o(i.__hardfp_sin)
    __hardfp_sqrt                            0x08007b51   Thumb Code   122  sqrt.o(i.__hardfp_sqrt)
    __ieee754_rem_pio2                       0x08007bd1   Thumb Code   938  rred.o(i.__ieee754_rem_pio2)
    __kernel_cos                             0x08008009   Thumb Code   322  cos_i.o(i.__kernel_cos)
    __kernel_poly                            0x08008179   Thumb Code   248  poly.o(i.__kernel_poly)
    __kernel_sin                             0x08008271   Thumb Code   280  sin_i.o(i.__kernel_sin)
    __mathlib_dbl_divzero                    0x080083a1   Thumb Code    28  dunder.o(i.__mathlib_dbl_divzero)
    __mathlib_dbl_infnan                     0x080083d1   Thumb Code    20  dunder.o(i.__mathlib_dbl_infnan)
    __mathlib_dbl_infnan2                    0x080083e5   Thumb Code    20  dunder.o(i.__mathlib_dbl_infnan2)
    __mathlib_dbl_invalid                    0x080083f9   Thumb Code    24  dunder.o(i.__mathlib_dbl_invalid)
    __mathlib_dbl_overflow                   0x08008419   Thumb Code    24  dunder.o(i.__mathlib_dbl_overflow)
    __mathlib_dbl_underflow                  0x08008439   Thumb Code    24  dunder.o(i.__mathlib_dbl_underflow)
    assign_output                            0x08008459   Thumb Code   630  motorctrl.o(i.assign_output)
    atan                                     0x080086e1   Thumb Code    16  atan.o(i.atan)
    cala_d                                   0x080086f1   Thumb Code   484  motorctrl.o(i.cala_d)
    can_filter_init                          0x08008901   Thumb Code    74  bsp_can.o(i.can_filter_init)
    chalogic                                 0x08008955   Thumb Code  1478  freertos.o(i.chalogic)
    chasfunc                                 0x08008f1d   Thumb Code   732  freertos.o(i.chasfunc)
    circle_cc                                0x08009269   Thumb Code    38  bsp_can.o(i.circle_cc)
    ctrlmotor                                0x08009291   Thumb Code  2880  motorctrl.o(i.ctrlmotor)
    delay_us                                 0x08009ded   Thumb Code    22  delay.o(i.delay_us)
    fabs                                     0x08009e09   Thumb Code    24  fabs.o(i.fabs)
    get_msgn                                 0x08009e21   Thumb Code   848  motorctrl.o(i.get_msgn)
    main                                     0x0800a17d   Thumb Code  1376  main.o(i.main)
    motor_state_update                       0x0800a6f5   Thumb Code    38  bsp_can.o(i.motor_state_update)
    motor_state_update1                      0x0800a721   Thumb Code    38  bsp_can.o(i.motor_state_update1)
    osDelay                                  0x0800a74d   Thumb Code    26  cmsis_os2.o(i.osDelay)
    osKernelInitialize                       0x0800a769   Thumb Code    32  cmsis_os2.o(i.osKernelInitialize)
    osKernelStart                            0x0800a78d   Thumb Code    48  cmsis_os2.o(i.osKernelStart)
    osThreadNew                              0x0800a7c5   Thumb Code   138  cmsis_os2.o(i.osThreadNew)
    put_ball                                 0x0800afe5   Thumb Code   130  freertos.o(i.put_ball)
    pvPortMalloc                             0x0800b089   Thumb Code   216  heap_4.o(i.pvPortMalloc)
    pxPortInitialiseStack                    0x0800b165   Thumb Code    40  port.o(i.pxPortInitialiseStack)
    set_mode                                 0x0800b191   Thumb Code   172  motorctrl.o(i.set_mode)
    sqrt                                     0x0800b241   Thumb Code   110  sqrt.o(i.sqrt)
    throw_ball_to_left                       0x0800b2b1   Thumb Code   376  freertos.o(i.throw_ball_to_left)
    throw_ball_to_right                      0x0800b459   Thumb Code   378  freertos.o(i.throw_ball_to_right)
    update_sbus                              0x0800b605   Thumb Code   284  sbus.o(i.update_sbus)
    uxListRemove                             0x0800b725   Thumb Code    38  list.o(i.uxListRemove)
    vApplicationGetIdleTaskMemory            0x0800b74d   Thumb Code    16  cmsis_os2.o(i.vApplicationGetIdleTaskMemory)
    vApplicationGetTimerTaskMemory           0x0800b761   Thumb Code    18  cmsis_os2.o(i.vApplicationGetTimerTaskMemory)
    vListInitialise                          0x0800b779   Thumb Code    22  list.o(i.vListInitialise)
    vListInitialiseItem                      0x0800b78f   Thumb Code     6  list.o(i.vListInitialiseItem)
    vListInsert                              0x0800b795   Thumb Code    48  list.o(i.vListInsert)
    vListInsertEnd                           0x0800b7c5   Thumb Code    24  list.o(i.vListInsertEnd)
    vPortEnterCritical                       0x0800b7dd   Thumb Code    54  port.o(i.vPortEnterCritical)
    vPortExitCritical                        0x0800b81d   Thumb Code    34  port.o(i.vPortExitCritical)
    vPortFree                                0x0800b845   Thumb Code    94  heap_4.o(i.vPortFree)
    vPortSetupTimerInterrupt                 0x0800b8a9   Thumb Code    32  port.o(i.vPortSetupTimerInterrupt)
    vPortValidateInterruptPriority           0x0800b8cd   Thumb Code    74  port.o(i.vPortValidateInterruptPriority)
    vQueueAddToRegistry                      0x0800b921   Thumb Code    34  queue.o(i.vQueueAddToRegistry)
    vQueueWaitForMessageRestricted           0x0800b949   Thumb Code    68  queue.o(i.vQueueWaitForMessageRestricted)
    vTaskDelay                               0x0800b98d   Thumb Code    66  tasks.o(i.vTaskDelay)
    vTaskInternalSetTimeOutState             0x0800b9d9   Thumb Code    12  tasks.o(i.vTaskInternalSetTimeOutState)
    vTaskMissedYield                         0x0800b9e9   Thumb Code     8  tasks.o(i.vTaskMissedYield)
    vTaskPlaceOnEventList                    0x0800b9f5   Thumb Code    44  tasks.o(i.vTaskPlaceOnEventList)
    vTaskPlaceOnEventListRestricted          0x0800ba25   Thumb Code    52  tasks.o(i.vTaskPlaceOnEventListRestricted)
    vTaskStartScheduler                      0x0800ba5d   Thumb Code   118  tasks.o(i.vTaskStartScheduler)
    vTaskSuspendAll                          0x0800bae5   Thumb Code    10  tasks.o(i.vTaskSuspendAll)
    vTaskSwitchContext                       0x0800baf5   Thumb Code    90  tasks.o(i.vTaskSwitchContext)
    xPortStartScheduler                      0x0800bb59   Thumb Code   222  port.o(i.xPortStartScheduler)
    xPortSysTickHandler                      0x0800bc4d   Thumb Code    38  port.o(i.xPortSysTickHandler)
    xQueueGenericCreateStatic                0x0800bc79   Thumb Code   102  queue.o(i.xQueueGenericCreateStatic)
    xQueueGenericReset                       0x0800bce1   Thumb Code   132  queue.o(i.xQueueGenericReset)
    xQueueGenericSend                        0x0800bd69   Thumb Code   346  queue.o(i.xQueueGenericSend)
    xQueueGenericSendFromISR                 0x0800bec9   Thumb Code   190  queue.o(i.xQueueGenericSendFromISR)
    xQueueReceive                            0x0800bf89   Thumb Code   308  queue.o(i.xQueueReceive)
    xTaskCheckForTimeOut                     0x0800c0c1   Thumb Code   112  tasks.o(i.xTaskCheckForTimeOut)
    xTaskCreate                              0x0800c135   Thumb Code    90  tasks.o(i.xTaskCreate)
    xTaskCreateStatic                        0x0800c18f   Thumb Code    86  tasks.o(i.xTaskCreateStatic)
    xTaskGetSchedulerState                   0x0800c1e5   Thumb Code    22  tasks.o(i.xTaskGetSchedulerState)
    xTaskGetTickCount                        0x0800c201   Thumb Code     6  tasks.o(i.xTaskGetTickCount)
    xTaskIncrementTick                       0x0800c20d   Thumb Code   192  tasks.o(i.xTaskIncrementTick)
    xTaskPriorityDisinherit                  0x0800c2d5   Thumb Code   118  tasks.o(i.xTaskPriorityDisinherit)
    xTaskRemoveFromEventList                 0x0800c355   Thumb Code    98  tasks.o(i.xTaskRemoveFromEventList)
    xTaskResumeAll                           0x0800c3c5   Thumb Code   182  tasks.o(i.xTaskResumeAll)
    xTimerCreateTimerTask                    0x0800c489   Thumb Code    78  timers.o(i.xTimerCreateTimerTask)
    xTimerGenericCommand                     0x0800c4e9   Thumb Code    98  timers.o(i.xTimerGenericCommand)
    __aeabi_dneg                             0x0800c551   Thumb Code     0  basic.o(x$fpl$basic)
    _dneg                                    0x0800c551   Thumb Code     6  basic.o(x$fpl$basic)
    __aeabi_fneg                             0x0800c557   Thumb Code     0  basic.o(x$fpl$basic)
    _fneg                                    0x0800c557   Thumb Code     6  basic.o(x$fpl$basic)
    _dabs                                    0x0800c55d   Thumb Code     6  basic.o(x$fpl$basic)
    _fabs                                    0x0800c563   Thumb Code     6  basic.o(x$fpl$basic)
    __aeabi_d2f                              0x0800c569   Thumb Code     0  d2f.o(x$fpl$d2f)
    _d2f                                     0x0800c569   Thumb Code    98  d2f.o(x$fpl$d2f)
    __aeabi_dadd                             0x0800c5cd   Thumb Code     0  daddsub_clz.o(x$fpl$dadd)
    _dadd                                    0x0800c5cd   Thumb Code   332  daddsub_clz.o(x$fpl$dadd)
    __fpl_dcheck_NaN1                        0x0800c71d   Thumb Code    10  dcheck1.o(x$fpl$dcheck1)
    __fpl_dcmp_Inf                           0x0800c72d   Thumb Code    24  dcmpi.o(x$fpl$dcmpinf)
    __aeabi_ddiv                             0x0800c745   Thumb Code     0  ddiv.o(x$fpl$ddiv)
    _ddiv                                    0x0800c745   Thumb Code   552  ddiv.o(x$fpl$ddiv)
    __aeabi_cdcmpeq                          0x0800c9f5   Thumb Code     0  deqf.o(x$fpl$deqf)
    _dcmpeq                                  0x0800c9f5   Thumb Code   120  deqf.o(x$fpl$deqf)
    __aeabi_d2iz                             0x0800ca6d   Thumb Code     0  dfix.o(x$fpl$dfix)
    _dfix                                    0x0800ca6d   Thumb Code    94  dfix.o(x$fpl$dfix)
    __aeabi_d2uiz                            0x0800cacd   Thumb Code     0  dfixu.o(x$fpl$dfixu)
    _dfixu                                   0x0800cacd   Thumb Code    90  dfixu.o(x$fpl$dfixu)
    __aeabi_i2d                              0x0800cb27   Thumb Code     0  dflt_clz.o(x$fpl$dflt)
    _dflt                                    0x0800cb27   Thumb Code    46  dflt_clz.o(x$fpl$dflt)
    __aeabi_ui2d                             0x0800cb55   Thumb Code     0  dflt_clz.o(x$fpl$dfltu)
    _dfltu                                   0x0800cb55   Thumb Code    38  dflt_clz.o(x$fpl$dfltu)
    __aeabi_cdcmple                          0x0800cb7d   Thumb Code     0  dleqf.o(x$fpl$dleqf)
    _dcmple                                  0x0800cb7d   Thumb Code   120  dleqf.o(x$fpl$dleqf)
    __fpl_dcmple_InfNaN                      0x0800cbdf   Thumb Code     0  dleqf.o(x$fpl$dleqf)
    __aeabi_dmul                             0x0800cbf5   Thumb Code     0  dmul.o(x$fpl$dmul)
    _dmul                                    0x0800cbf5   Thumb Code   332  dmul.o(x$fpl$dmul)
    __fpl_dnaninf                            0x0800cd49   Thumb Code   156  dnaninf.o(x$fpl$dnaninf)
    __fpl_dretinf                            0x0800cde5   Thumb Code    12  dretinf.o(x$fpl$dretinf)
    __aeabi_cdrcmple                         0x0800cdf1   Thumb Code     0  drleqf.o(x$fpl$drleqf)
    _drcmple                                 0x0800cdf1   Thumb Code   108  drleqf.o(x$fpl$drleqf)
    __aeabi_drsub                            0x0800ce5d   Thumb Code     0  daddsub_clz.o(x$fpl$drsb)
    _drsb                                    0x0800ce5d   Thumb Code    22  daddsub_clz.o(x$fpl$drsb)
    _dsqrt                                   0x0800ce75   Thumb Code   404  dsqrt_umaal.o(x$fpl$dsqrt)
    __aeabi_dsub                             0x0800d00d   Thumb Code     0  daddsub_clz.o(x$fpl$dsub)
    _dsub                                    0x0800d00d   Thumb Code   464  daddsub_clz.o(x$fpl$dsub)
    __aeabi_f2d                              0x0800d1e1   Thumb Code     0  f2d.o(x$fpl$f2d)
    _f2d                                     0x0800d1e1   Thumb Code    86  f2d.o(x$fpl$f2d)
    __fpl_fnaninf                            0x0800d237   Thumb Code   140  fnaninf.o(x$fpl$fnaninf)
    _fp_init                                 0x0800d2c3   Thumb Code    10  fpinit.o(x$fpl$fpinit)
    __fplib_config_fpu_vfp                   0x0800d2cb   Thumb Code     0  fpinit.o(x$fpl$fpinit)
    __fplib_config_pureend_doubles           0x0800d2cb   Thumb Code     0  fpinit.o(x$fpl$fpinit)
    __fpl_fretinf                            0x0800d2cd   Thumb Code    10  fretinf.o(x$fpl$fretinf)
    __fpl_return_NaN                         0x0800d2d7   Thumb Code   100  retnan.o(x$fpl$retnan)
    __ARM_scalbn                             0x0800d33b   Thumb Code    92  scalbn.o(x$fpl$scalbn)
    __fpl_cmpreturn                          0x0800d397   Thumb Code    48  trapv.o(x$fpl$trapveneer)
    __I$use$fp                               0x0800d3c6   Number         0  usenofp.o(x$fpl$usenofp)
    defaultTask_attributes                   0x0800d3c8   Data          36  freertos.o(.constdata)
    cha_attributes                           0x0800d3ec   Data          36  freertos.o(.constdata)
    logicchassis_attributes                  0x0800d410   Data          36  freertos.o(.constdata)
    Transmit_attributes                      0x0800d434   Data          36  freertos.o(.constdata)
    Rise_attributes                          0x0800d458   Data          36  freertos.o(.constdata)
    Throwball_attributes                     0x0800d47c   Data          36  freertos.o(.constdata)
    AHBPrescTable                            0x0800d4a8   Data          16  system_stm32f4xx.o(.constdata)
    APBPrescTable                            0x0800d4b8   Data           8  system_stm32f4xx.o(.constdata)
    __mathlib_zero                           0x0800d610   Data           8  qnan.o(.constdata)
    Region$$Table$$Base                      0x0800d748   Number         0  anon$$obj.o(Region$$Table)
    Region$$Table$$Limit                     0x0800d768   Number         0  anon$$obj.o(Region$$Table)
    USART_FLAG                               0x20000000   Data           1  main.o(.data)
    aRxBuffer2                               0x20000001   Data           1  main.o(.data)
    aRxBuffer6                               0x20000002   Data           1  main.o(.data)
    USART2_RX_STA                            0x20000004   Data           2  main.o(.data)
    USART6_RX_STA                            0x20000006   Data           2  main.o(.data)
    LX                                       0x20000008   Data           2  main.o(.data)
    RX                                       0x2000000a   Data           2  main.o(.data)
    RY                                       0x2000000c   Data           2  main.o(.data)
    ML_CH4                                   0x20000010   Data           4  main.o(.data)
    MR_CH2                                   0x20000014   Data           4  main.o(.data)
    MR_CH1                                   0x20000018   Data           4  main.o(.data)
    omega                                    0x20000020   Data           8  main.o(.data)
    TC                                       0x20000028   Data           8  main.o(.data)
    Vx                                       0x20000030   Data           8  main.o(.data)
    Vy                                       0x20000038   Data           8  main.o(.data)
    lx                                       0x20000040   Data           2  main.o(.data)
    ly                                       0x20000042   Data           2  main.o(.data)
    rx                                       0x20000044   Data           2  main.o(.data)
    ry                                       0x20000046   Data           2  main.o(.data)
    lp                                       0x20000048   Data           2  main.o(.data)
    rp                                       0x2000004a   Data           2  main.o(.data)
    B1                                       0x2000004c   Data           1  main.o(.data)
    B2                                       0x2000004d   Data           1  main.o(.data)
    Cal_Parity                               0x2000004e   Data           1  main.o(.data)
    monitorflag                              0x20000050   Data           4  gpio.o(.data)
    AngInit                                  0x20000054   Data           4  gpio.o(.data)
    PhoTheta                                 0x20000058   Data           8  gpio.o(.data)
    flag1                                    0x20000060   Data           4  freertos.o(.data)
    AngInitFlag                              0x20000064   Data           4  freertos.o(.data)
    buff_len                                 0x20000068   Data           4  freertos.o(.data)
    defaultTaskHandle                        0x2000006c   Data           4  freertos.o(.data)
    chaHandle                                0x20000070   Data           4  freertos.o(.data)
    logicchassisHandle                       0x20000074   Data           4  freertos.o(.data)
    TransmitHandle                           0x20000078   Data           4  freertos.o(.data)
    RiseHandle                               0x2000007c   Data           4  freertos.o(.data)
    ThrowballHandle                          0x20000080   Data           4  freertos.o(.data)
    ReductionRatio3508                       0x20000088   Data           8  freertos.o(.data)
    ReductionRatoiGear                       0x20000090   Data           8  freertos.o(.data)
    ElecExac3508                             0x20000098   Data           8  freertos.o(.data)
    McKnumFlag                               0x200000a0   Data           8  freertos.o(.data)
    uwTickFreq                               0x200000ac   Data           1  stm32f4xx_hal.o(.data)
    uwTickPrio                               0x200000b0   Data           4  stm32f4xx_hal.o(.data)
    uwTick                                   0x200000b4   Data           4  stm32f4xx_hal.o(.data)
    SystemCoreClock                          0x200000b8   Data           4  system_stm32f4xx.o(.data)
    pxCurrentTCB                             0x200000bc   Data           4  tasks.o(.data)
    BrakeFlag                                0x20000140   Data           4  motorctrl.o(.data)
    MAXVEL                                   0x20000144   Data           4  motorctrl.o(.data)
    mult                                     0x20000148   Data           8  motorctrl.o(.data)
    rtP                                      0x20000150   Data         616  pid_model_data.o(.data)
    reachflag                                0x200003b8   Data           4  solve.o(.data)
    factors1                                 0x200003c0   Data           8  solve.o(.data)
    factors2                                 0x200003c8   Data           8  solve.o(.data)
    por                                      0x200003d0   Data           8  solve.o(.data)
    deadband                                 0x200003d8   Data           8  solve.o(.data)
    top                                      0x200003e0   Data           8  solve.o(.data)
    USART2_RX_BUF                            0x2000040c   Data         100  main.o(.bss)
    USART6_RX_BUF                            0x20000470   Data         100  main.o(.bss)
    receivefactor                            0x200004d4   Data          16  main.o(.bss)
    DataRe                                   0x200004e4   Data          18  main.o(.bss)
    RC                                       0x200004f6   Data          30  main.o(.bss)
    dir                                      0x20000514   Data          16  main.o(.bss)
    ang                                      0x20000524   Data          16  main.o(.bss)
    theta                                    0x20000538   Data          32  main.o(.bss)
    ANGs                                     0x20000558   Data          32  gpio.o(.bss)
    statue                                   0x20000578   Data          40  freertos.o(.bss)
    HelmInit                                 0x200005a0   Data          32  freertos.o(.bss)
    actionFlag                               0x200005c0   Data          40  freertos.o(.bss)
    conditionCounter                         0x200005e8   Data          40  freertos.o(.bss)
    conditionFlag                            0x20000610   Data          40  freertos.o(.bss)
    TransmitBuffer                           0x20000638   Data         100  freertos.o(.bss)
    hcan1                                    0x2000069c   Data          40  can.o(.bss)
    hcan2                                    0x200006c4   Data          40  can.o(.bss)
    hiwdg                                    0x200006ec   Data          12  iwdg.o(.bss)
    htim2                                    0x200006f8   Data          72  tim.o(.bss)
    htim3                                    0x20000740   Data          72  tim.o(.bss)
    htim5                                    0x20000788   Data          72  tim.o(.bss)
    htim10                                   0x200007d0   Data          72  tim.o(.bss)
    huart2                                   0x20000818   Data          72  usart.o(.bss)
    huart3                                   0x20000860   Data          72  usart.o(.bss)
    huart6                                   0x200008a8   Data          72  usart.o(.bss)
    hdma_usart2_rx                           0x200008f0   Data          96  usart.o(.bss)
    hdma_usart2_tx                           0x20000950   Data          96  usart.o(.bss)
    hdma_usart3_rx                           0x200009b0   Data          96  usart.o(.bss)
    hdma_usart3_tx                           0x20000a10   Data          96  usart.o(.bss)
    hdma_usart6_tx                           0x20000a70   Data          96  usart.o(.bss)
    hdma_usart6_rx                           0x20000ad0   Data          96  usart.o(.bss)
    htim4                                    0x20000b30   Data          72  stm32f4xx_hal_timebase_tim.o(.bss)
    xQueueRegistry                           0x20000b78   Data          64  queue.o(.bss)
    condition                                0x2000544c   Data          40  calculate.o(.bss)
    swich                                    0x20005474   Data          16  calculate.o(.bss)
    output                                   0x20005488   Data         128  motorctrl.o(.bss)
    BrakeAng                                 0x20005508   Data          16  motorctrl.o(.bss)
    MotorSignal                              0x20005518   Data         256  motorctrl.o(.bss)
    rtDW                                     0x20005618   Data         420  pid_model.o(.bss)
    rtU                                      0x200057bc   Data         336  pid_model.o(.bss)
    rtY                                      0x2000590c   Data         168  pid_model.o(.bss)
    SBUS_CH                                  0x200059b4   Data          84  sbus.o(.bss)
    Spds                                     0x20005a08   Data         400  throwball.o(.bss)
    motor_data                               0x20005c98   Data          32  bsp_can.o(.bss)
    motor_data1                              0x20005cb8   Data          32  bsp_can.o(.bss)
    __libspace_start                         0x20005d38   Data          96  libspace.o(.bss)
    __temporary_stack_top$libspace           0x20005d98   Data           0  libspace.o(.bss)



==============================================================================

Memory Map of the image

  Image Entry point : 0x08000189

  Load Region LR_IROM1 (Base: 0x08000000, Size: 0x0000db74, Max: 0x00100000, ABSOLUTE, COMPRESSED[0x0000d7b4])

    Execution Region ER_IROM1 (Exec base: 0x08000000, Load base: 0x08000000, Size: 0x0000d768, Max: 0x00100000, ABSOLUTE)

    Exec Addr    Load Addr    Size         Type   Attr      Idx    E Section Name        Object

    0x08000000   0x08000000   0x00000188   Data   RO            3    RESET               startup_stm32f407xx.o
    0x08000188   0x08000188   0x00000008   Code   RO         5848  * !!!main             c_w.l(__main.o)
    0x08000190   0x08000190   0x00000034   Code   RO         6213    !!!scatter          c_w.l(__scatter.o)
    0x080001c4   0x080001c4   0x0000005a   Code   RO         6211    !!dczerorl2         c_w.l(__dczerorl2.o)
    0x0800021e   0x0800021e   0x00000002   PAD
    0x08000220   0x08000220   0x0000001c   Code   RO         6215    !!handler_zi        c_w.l(__scatter_zi.o)
    0x0800023c   0x0800023c   0x00000000   Code   RO         5837    .ARM.Collect$$_printf_percent$$00000000  c_w.l(_printf_percent.o)
    0x0800023c   0x0800023c   0x00000006   Code   RO         5836    .ARM.Collect$$_printf_percent$$00000009  c_w.l(_printf_d.o)
    0x08000242   0x08000242   0x00000004   Code   RO         5983    .ARM.Collect$$_printf_percent$$00000017  c_w.l(_printf_percent_end.o)
    0x08000246   0x08000246   0x00000002   Code   RO         6078    .ARM.Collect$$libinit$$00000000  c_w.l(libinit.o)
    0x08000248   0x08000248   0x00000004   Code   RO         6089    .ARM.Collect$$libinit$$00000001  c_w.l(libinit2.o)
    0x0800024c   0x0800024c   0x00000000   Code   RO         6092    .ARM.Collect$$libinit$$00000004  c_w.l(libinit2.o)
    0x0800024c   0x0800024c   0x00000000   Code   RO         6095    .ARM.Collect$$libinit$$0000000A  c_w.l(libinit2.o)
    0x0800024c   0x0800024c   0x00000000   Code   RO         6097    .ARM.Collect$$libinit$$0000000C  c_w.l(libinit2.o)
    0x0800024c   0x0800024c   0x00000000   Code   RO         6099    .ARM.Collect$$libinit$$0000000E  c_w.l(libinit2.o)
    0x0800024c   0x0800024c   0x00000000   Code   RO         6102    .ARM.Collect$$libinit$$00000011  c_w.l(libinit2.o)
    0x0800024c   0x0800024c   0x00000000   Code   RO         6104    .ARM.Collect$$libinit$$00000013  c_w.l(libinit2.o)
    0x0800024c   0x0800024c   0x00000000   Code   RO         6106    .ARM.Collect$$libinit$$00000015  c_w.l(libinit2.o)
    0x0800024c   0x0800024c   0x00000000   Code   RO         6108    .ARM.Collect$$libinit$$00000017  c_w.l(libinit2.o)
    0x0800024c   0x0800024c   0x00000000   Code   RO         6110    .ARM.Collect$$libinit$$00000019  c_w.l(libinit2.o)
    0x0800024c   0x0800024c   0x00000000   Code   RO         6112    .ARM.Collect$$libinit$$0000001B  c_w.l(libinit2.o)
    0x0800024c   0x0800024c   0x00000000   Code   RO         6114    .ARM.Collect$$libinit$$0000001D  c_w.l(libinit2.o)
    0x0800024c   0x0800024c   0x00000000   Code   RO         6116    .ARM.Collect$$libinit$$0000001F  c_w.l(libinit2.o)
    0x0800024c   0x0800024c   0x00000000   Code   RO         6118    .ARM.Collect$$libinit$$00000021  c_w.l(libinit2.o)
    0x0800024c   0x0800024c   0x00000000   Code   RO         6120    .ARM.Collect$$libinit$$00000023  c_w.l(libinit2.o)
    0x0800024c   0x0800024c   0x00000000   Code   RO         6122    .ARM.Collect$$libinit$$00000025  c_w.l(libinit2.o)
    0x0800024c   0x0800024c   0x00000000   Code   RO         6126    .ARM.Collect$$libinit$$0000002C  c_w.l(libinit2.o)
    0x0800024c   0x0800024c   0x00000000   Code   RO         6128    .ARM.Collect$$libinit$$0000002E  c_w.l(libinit2.o)
    0x0800024c   0x0800024c   0x00000000   Code   RO         6130    .ARM.Collect$$libinit$$00000030  c_w.l(libinit2.o)
    0x0800024c   0x0800024c   0x00000000   Code   RO         6132    .ARM.Collect$$libinit$$00000032  c_w.l(libinit2.o)
    0x0800024c   0x0800024c   0x00000002   Code   RO         6133    .ARM.Collect$$libinit$$00000033  c_w.l(libinit2.o)
    0x0800024e   0x0800024e   0x00000002   Code   RO         6166    .ARM.Collect$$libshutdown$$00000000  c_w.l(libshutdown.o)
    0x08000250   0x08000250   0x00000000   Code   RO         6192    .ARM.Collect$$libshutdown$$00000002  c_w.l(libshutdown2.o)
    0x08000250   0x08000250   0x00000000   Code   RO         6194    .ARM.Collect$$libshutdown$$00000004  c_w.l(libshutdown2.o)
    0x08000250   0x08000250   0x00000000   Code   RO         6196    .ARM.Collect$$libshutdown$$00000006  c_w.l(libshutdown2.o)
    0x08000250   0x08000250   0x00000000   Code   RO         6199    .ARM.Collect$$libshutdown$$00000009  c_w.l(libshutdown2.o)
    0x08000250   0x08000250   0x00000000   Code   RO         6202    .ARM.Collect$$libshutdown$$0000000C  c_w.l(libshutdown2.o)
    0x08000250   0x08000250   0x00000000   Code   RO         6204    .ARM.Collect$$libshutdown$$0000000E  c_w.l(libshutdown2.o)
    0x08000250   0x08000250   0x00000000   Code   RO         6207    .ARM.Collect$$libshutdown$$00000011  c_w.l(libshutdown2.o)
    0x08000250   0x08000250   0x00000002   Code   RO         6208    .ARM.Collect$$libshutdown$$00000012  c_w.l(libshutdown2.o)
    0x08000252   0x08000252   0x00000000   Code   RO         5970    .ARM.Collect$$rtentry$$00000000  c_w.l(__rtentry.o)
    0x08000252   0x08000252   0x00000000   Code   RO         6037    .ARM.Collect$$rtentry$$00000002  c_w.l(__rtentry2.o)
    0x08000252   0x08000252   0x00000006   Code   RO         6049    .ARM.Collect$$rtentry$$00000004  c_w.l(__rtentry4.o)
    0x08000258   0x08000258   0x00000000   Code   RO         6039    .ARM.Collect$$rtentry$$00000009  c_w.l(__rtentry2.o)
    0x08000258   0x08000258   0x00000004   Code   RO         6040    .ARM.Collect$$rtentry$$0000000A  c_w.l(__rtentry2.o)
    0x0800025c   0x0800025c   0x00000000   Code   RO         6042    .ARM.Collect$$rtentry$$0000000C  c_w.l(__rtentry2.o)
    0x0800025c   0x0800025c   0x00000008   Code   RO         6043    .ARM.Collect$$rtentry$$0000000D  c_w.l(__rtentry2.o)
    0x08000264   0x08000264   0x00000002   Code   RO         6081    .ARM.Collect$$rtexit$$00000000  c_w.l(rtexit.o)
    0x08000266   0x08000266   0x00000000   Code   RO         6139    .ARM.Collect$$rtexit$$00000002  c_w.l(rtexit2.o)
    0x08000266   0x08000266   0x00000004   Code   RO         6140    .ARM.Collect$$rtexit$$00000003  c_w.l(rtexit2.o)
    0x0800026a   0x0800026a   0x00000006   Code   RO         6141    .ARM.Collect$$rtexit$$00000004  c_w.l(rtexit2.o)
    0x08000270   0x08000270   0x000000be   Code   RO         5360    .emb_text           port.o
    0x0800032e   0x0800032e   0x00000002   PAD
    0x08000330   0x08000330   0x00000040   Code   RO            4    .text               startup_stm32f407xx.o
    0x08000370   0x08000370   0x000000ee   Code   RO         5806    .text               c_w.l(lludivv7m.o)
    0x0800045e   0x0800045e   0x00000002   PAD
    0x08000460   0x08000460   0x0000002c   Code   RO         5808    .text               c_w.l(__2sprintf.o)
    0x0800048c   0x0800048c   0x00000068   Code   RO         5812    .text               c_w.l(__printf.o)
    0x080004f4   0x080004f4   0x00000078   Code   RO         5814    .text               c_w.l(_printf_dec.o)
    0x0800056c   0x0800056c   0x0000008a   Code   RO         5838    .text               c_w.l(rt_memcpy_v6.o)
    0x080005f6   0x080005f6   0x00000010   Code   RO         5842    .text               c_w.l(aeabi_memset.o)
    0x08000606   0x08000606   0x0000004e   Code   RO         5844    .text               c_w.l(rt_memclr_w.o)
    0x08000654   0x08000654   0x00000006   Code   RO         5846    .text               c_w.l(heapauxi.o)
    0x0800065a   0x0800065a   0x00000016   Code   RO         5975    .text               c_w.l(_rserrno.o)
    0x08000670   0x08000670   0x000000b2   Code   RO         5977    .text               c_w.l(_printf_intcommon.o)
    0x08000722   0x08000722   0x00000002   PAD
    0x08000724   0x08000724   0x00000030   Code   RO         5979    .text               c_w.l(_printf_char_common.o)
    0x08000754   0x08000754   0x0000000a   Code   RO         5981    .text               c_w.l(_sputc.o)
    0x0800075e   0x0800075e   0x00000064   Code   RO         5984    .text               c_w.l(rt_memcpy_w.o)
    0x080007c2   0x080007c2   0x00000044   Code   RO         5986    .text               c_w.l(rt_memclr.o)
    0x08000806   0x08000806   0x00000002   PAD
    0x08000808   0x08000808   0x00000008   Code   RO         6056    .text               c_w.l(rt_errno_addr_intlibspace.o)
    0x08000810   0x08000810   0x00000008   Code   RO         6062    .text               c_w.l(libspace.o)
    0x08000818   0x08000818   0x0000004a   Code   RO         6065    .text               c_w.l(sys_stackheap_outer.o)
    0x08000862   0x08000862   0x00000012   Code   RO         6067    .text               c_w.l(exit.o)
    0x08000874   0x08000874   0x0000000c   Code   RO         6136    .text               c_w.l(sys_exit.o)
    0x08000880   0x08000880   0x00000002   Code   RO         6155    .text               c_w.l(use_no_semi.o)
    0x08000882   0x08000882   0x00000000   Code   RO         6157    .text               c_w.l(indicate_semi.o)
    0x08000882   0x08000882   0x00000002   Code   RO          677    i.BusFault_Handler  stm32f4xx_it.o
    0x08000884   0x08000884   0x000001e8   Code   RO         5440    i.CAL_MESSAGE       calculate.o
    0x08000a6c   0x08000a6c   0x0000000c   Code   RO          678    i.CAN1_RX0_IRQHandler  stm32f4xx_it.o
    0x08000a78   0x08000a78   0x0000000c   Code   RO          679    i.CAN1_TX_IRQHandler  stm32f4xx_it.o
    0x08000a84   0x08000a84   0x000000b0   Code   RO         5733    i.CAN1_cmd_chassis  bsp_can.o
    0x08000b34   0x08000b34   0x0000000c   Code   RO          680    i.CAN2_RX0_IRQHandler  stm32f4xx_it.o
    0x08000b40   0x08000b40   0x0000000c   Code   RO          681    i.CAN2_TX_IRQHandler  stm32f4xx_it.o
    0x08000b4c   0x08000b4c   0x000000b0   Code   RO         5734    i.CAN2_cmd_chassis  bsp_can.o
    0x08000bfc   0x08000bfc   0x00000016   Code   RO         5441    i.CalculateParity   calculate.o
    0x08000c12   0x08000c12   0x00000002   PAD
    0x08000c14   0x08000c14   0x00000084   Code   RO         5573    i.Chart1            pid_model.o
    0x08000c98   0x08000c98   0x0000000c   Code   RO          682    i.DMA1_Stream1_IRQHandler  stm32f4xx_it.o
    0x08000ca4   0x08000ca4   0x0000000c   Code   RO          683    i.DMA1_Stream3_IRQHandler  stm32f4xx_it.o
    0x08000cb0   0x08000cb0   0x0000000c   Code   RO          684    i.DMA1_Stream5_IRQHandler  stm32f4xx_it.o
    0x08000cbc   0x08000cbc   0x0000000c   Code   RO          685    i.DMA1_Stream6_IRQHandler  stm32f4xx_it.o
    0x08000cc8   0x08000cc8   0x0000000c   Code   RO          686    i.DMA2_Stream1_IRQHandler  stm32f4xx_it.o
    0x08000cd4   0x08000cd4   0x0000000c   Code   RO          687    i.DMA2_Stream6_IRQHandler  stm32f4xx_it.o
    0x08000ce0   0x08000ce0   0x00000028   Code   RO         1599    i.DMA_CalcBaseAndBitshift  stm32f4xx_hal_dma.o
    0x08000d08   0x08000d08   0x00000054   Code   RO         1600    i.DMA_CheckFifoParam  stm32f4xx_hal_dma.o
    0x08000d5c   0x08000d5c   0x00000028   Code   RO         1601    i.DMA_SetConfig     stm32f4xx_hal_dma.o
    0x08000d84   0x08000d84   0x00000002   Code   RO          688    i.DebugMon_Handler  stm32f4xx_it.o
    0x08000d86   0x08000d86   0x0000001e   Code   RO          689    i.EXTI15_10_IRQHandler  stm32f4xx_it.o
    0x08000da4   0x08000da4   0x00000006   Code   RO          690    i.EXTI4_IRQHandler  stm32f4xx_it.o
    0x08000daa   0x08000daa   0x0000001a   Code   RO          691    i.EXTI9_5_IRQHandler  stm32f4xx_it.o
    0x08000dc4   0x08000dc4   0x00000004   Code   RO           13    i.Error_Handler     main.o
    0x08000dc8   0x08000dc8   0x00000024   Code   RO          907    i.HAL_CAN_ActivateNotification  stm32f4xx_hal_can.o
    0x08000dec   0x08000dec   0x000000d0   Code   RO          908    i.HAL_CAN_AddTxMessage  stm32f4xx_hal_can.o
    0x08000ebc   0x08000ebc   0x0000010c   Code   RO          909    i.HAL_CAN_ConfigFilter  stm32f4xx_hal_can.o
    0x08000fc8   0x08000fc8   0x00000002   Code   RO          912    i.HAL_CAN_ErrorCallback  stm32f4xx_hal_can.o
    0x08000fca   0x08000fca   0x000000f4   Code   RO          915    i.HAL_CAN_GetRxMessage  stm32f4xx_hal_can.o
    0x080010be   0x080010be   0x000001fc   Code   RO          919    i.HAL_CAN_IRQHandler  stm32f4xx_hal_can.o
    0x080012ba   0x080012ba   0x0000011a   Code   RO          920    i.HAL_CAN_Init      stm32f4xx_hal_can.o
    0x080013d4   0x080013d4   0x0000011c   Code   RO          443    i.HAL_CAN_MspInit   can.o
    0x080014f0   0x080014f0   0x00000002   Code   RO          927    i.HAL_CAN_RxFifo0FullCallback  stm32f4xx_hal_can.o
    0x080014f2   0x080014f2   0x00000002   PAD
    0x080014f4   0x080014f4   0x000000c8   Code   RO         5735    i.HAL_CAN_RxFifo0MsgPendingCallback  bsp_can.o
    0x080015bc   0x080015bc   0x00000002   Code   RO          929    i.HAL_CAN_RxFifo1FullCallback  stm32f4xx_hal_can.o
    0x080015be   0x080015be   0x00000002   Code   RO          930    i.HAL_CAN_RxFifo1MsgPendingCallback  stm32f4xx_hal_can.o
    0x080015c0   0x080015c0   0x00000002   Code   RO          931    i.HAL_CAN_SleepCallback  stm32f4xx_hal_can.o
    0x080015c2   0x080015c2   0x00000002   PAD
    0x080015c4   0x080015c4   0x00000058   Code   RO          932    i.HAL_CAN_Start     stm32f4xx_hal_can.o
    0x0800161c   0x0800161c   0x00000002   Code   RO          934    i.HAL_CAN_TxMailbox0AbortCallback  stm32f4xx_hal_can.o
    0x0800161e   0x0800161e   0x00000002   Code   RO          935    i.HAL_CAN_TxMailbox0CompleteCallback  stm32f4xx_hal_can.o
    0x08001620   0x08001620   0x00000002   Code   RO          936    i.HAL_CAN_TxMailbox1AbortCallback  stm32f4xx_hal_can.o
    0x08001622   0x08001622   0x00000002   Code   RO          937    i.HAL_CAN_TxMailbox1CompleteCallback  stm32f4xx_hal_can.o
    0x08001624   0x08001624   0x00000002   Code   RO          938    i.HAL_CAN_TxMailbox2AbortCallback  stm32f4xx_hal_can.o
    0x08001626   0x08001626   0x00000002   Code   RO          939    i.HAL_CAN_TxMailbox2CompleteCallback  stm32f4xx_hal_can.o
    0x08001628   0x08001628   0x00000002   Code   RO          941    i.HAL_CAN_WakeUpFromRxMsgCallback  stm32f4xx_hal_can.o
    0x0800162a   0x0800162a   0x00000092   Code   RO         1602    i.HAL_DMA_Abort     stm32f4xx_hal_dma.o
    0x080016bc   0x080016bc   0x00000024   Code   RO         1603    i.HAL_DMA_Abort_IT  stm32f4xx_hal_dma.o
    0x080016e0   0x080016e0   0x000001a0   Code   RO         1607    i.HAL_DMA_IRQHandler  stm32f4xx_hal_dma.o
    0x08001880   0x08001880   0x000000d4   Code   RO         1608    i.HAL_DMA_Init      stm32f4xx_hal_dma.o
    0x08001954   0x08001954   0x0000006e   Code   RO         1612    i.HAL_DMA_Start_IT  stm32f4xx_hal_dma.o
    0x080019c2   0x080019c2   0x00000002   PAD
    0x080019c4   0x080019c4   0x000001b8   Code   RO          301    i.HAL_GPIO_EXTI_Callback  gpio.o
    0x08001b7c   0x08001b7c   0x00000018   Code   RO         1494    i.HAL_GPIO_EXTI_IRQHandler  stm32f4xx_hal_gpio.o
    0x08001b94   0x08001b94   0x000001f0   Code   RO         1495    i.HAL_GPIO_Init     stm32f4xx_hal_gpio.o
    0x08001d84   0x08001d84   0x0000000c   Code   RO         2033    i.HAL_GetTick       stm32f4xx_hal.o
    0x08001d90   0x08001d90   0x0000005a   Code   RO         2278    i.HAL_IWDG_Init     stm32f4xx_hal_iwdg.o
    0x08001dea   0x08001dea   0x0000000c   Code   RO         2279    i.HAL_IWDG_Refresh  stm32f4xx_hal_iwdg.o
    0x08001df6   0x08001df6   0x00000002   PAD
    0x08001df8   0x08001df8   0x00000010   Code   RO         2039    i.HAL_IncTick       stm32f4xx_hal.o
    0x08001e08   0x08001e08   0x00000034   Code   RO         2040    i.HAL_Init          stm32f4xx_hal.o
    0x08001e3c   0x08001e3c   0x00000098   Code   RO          867    i.HAL_InitTick      stm32f4xx_hal_timebase_tim.o
    0x08001ed4   0x08001ed4   0x00000038   Code   RO          843    i.HAL_MspInit       stm32f4xx_hal_msp.o
    0x08001f0c   0x08001f0c   0x0000001a   Code   RO         1885    i.HAL_NVIC_EnableIRQ  stm32f4xx_hal_cortex.o
    0x08001f26   0x08001f26   0x00000002   PAD
    0x08001f28   0x08001f28   0x00000040   Code   RO         1891    i.HAL_NVIC_SetPriority  stm32f4xx_hal_cortex.o
    0x08001f68   0x08001f68   0x00000024   Code   RO         1892    i.HAL_NVIC_SetPriorityGrouping  stm32f4xx_hal_cortex.o
    0x08001f8c   0x08001f8c   0x00000134   Code   RO         1141    i.HAL_RCC_ClockConfig  stm32f4xx_hal_rcc.o
    0x080020c0   0x080020c0   0x00000040   Code   RO         1145    i.HAL_RCC_GetClockConfig  stm32f4xx_hal_rcc.o
    0x08002100   0x08002100   0x0000000c   Code   RO         1146    i.HAL_RCC_GetHCLKFreq  stm32f4xx_hal_rcc.o
    0x0800210c   0x0800210c   0x00000020   Code   RO         1148    i.HAL_RCC_GetPCLK1Freq  stm32f4xx_hal_rcc.o
    0x0800212c   0x0800212c   0x00000020   Code   RO         1149    i.HAL_RCC_GetPCLK2Freq  stm32f4xx_hal_rcc.o
    0x0800214c   0x0800214c   0x00000060   Code   RO         1150    i.HAL_RCC_GetSysClockFreq  stm32f4xx_hal_rcc.o
    0x080021ac   0x080021ac   0x0000036c   Code   RO         1153    i.HAL_RCC_OscConfig  stm32f4xx_hal_rcc.o
    0x08002518   0x08002518   0x00000002   Code   RO         3014    i.HAL_TIMEx_BreakCallback  stm32f4xx_hal_tim_ex.o
    0x0800251a   0x0800251a   0x00000002   Code   RO         3015    i.HAL_TIMEx_CommutCallback  stm32f4xx_hal_tim_ex.o
    0x0800251c   0x0800251c   0x00000090   Code   RO         3033    i.HAL_TIMEx_MasterConfigSynchronization  stm32f4xx_hal_tim_ex.o
    0x080025ac   0x080025ac   0x0000005a   Code   RO         2310    i.HAL_TIM_Base_Init  stm32f4xx_hal_tim.o
    0x08002606   0x08002606   0x00000002   PAD
    0x08002608   0x08002608   0x0000003c   Code   RO          546    i.HAL_TIM_Base_MspInit  tim.o
    0x08002644   0x08002644   0x00000080   Code   RO         2315    i.HAL_TIM_Base_Start_IT  stm32f4xx_hal_tim.o
    0x080026c4   0x080026c4   0x00000002   Code   RO         2344    i.HAL_TIM_IC_CaptureCallback  stm32f4xx_hal_tim.o
    0x080026c6   0x080026c6   0x00000130   Code   RO         2358    i.HAL_TIM_IRQHandler  stm32f4xx_hal_tim.o
    0x080027f6   0x080027f6   0x00000002   PAD
    0x080027f8   0x080027f8   0x000000ec   Code   RO          547    i.HAL_TIM_MspPostInit  tim.o
    0x080028e4   0x080028e4   0x00000002   Code   RO         2361    i.HAL_TIM_OC_DelayElapsedCallback  stm32f4xx_hal_tim.o
    0x080028e6   0x080028e6   0x000000cc   Code   RO         2382    i.HAL_TIM_PWM_ConfigChannel  stm32f4xx_hal_tim.o
    0x080029b2   0x080029b2   0x0000005a   Code   RO         2385    i.HAL_TIM_PWM_Init  stm32f4xx_hal_tim.o
    0x08002a0c   0x08002a0c   0x00000058   Code   RO          549    i.HAL_TIM_PWM_MspInit  tim.o
    0x08002a64   0x08002a64   0x00000002   Code   RO         2388    i.HAL_TIM_PWM_PulseFinishedCallback  stm32f4xx_hal_tim.o
    0x08002a66   0x08002a66   0x00000002   PAD
    0x08002a68   0x08002a68   0x000000c8   Code   RO         2390    i.HAL_TIM_PWM_Start  stm32f4xx_hal_tim.o
    0x08002b30   0x08002b30   0x00000034   Code   RO           14    i.HAL_TIM_PeriodElapsedCallback  main.o
    0x08002b64   0x08002b64   0x00000002   Code   RO         2401    i.HAL_TIM_TriggerCallback  stm32f4xx_hal_tim.o
    0x08002b66   0x08002b66   0x00000002   Code   RO         3293    i.HAL_UARTEx_RxEventCallback  stm32f4xx_hal_uart.o
    0x08002b68   0x08002b68   0x00000050   Code   RO           15    i.HAL_UART_ErrorCallback  main.o
    0x08002bb8   0x08002bb8   0x00000270   Code   RO         3310    i.HAL_UART_IRQHandler  stm32f4xx_hal_uart.o
    0x08002e28   0x08002e28   0x00000064   Code   RO         3311    i.HAL_UART_Init     stm32f4xx_hal_uart.o
    0x08002e8c   0x08002e8c   0x000002a4   Code   RO          624    i.HAL_UART_MspInit  usart.o
    0x08003130   0x08003130   0x0000001c   Code   RO         3315    i.HAL_UART_Receive_DMA  stm32f4xx_hal_uart.o
    0x0800314c   0x0800314c   0x000001bc   Code   RO           16    i.HAL_UART_RxCpltCallback  main.o
    0x08003308   0x08003308   0x00000002   Code   RO         3318    i.HAL_UART_RxHalfCpltCallback  stm32f4xx_hal_uart.o
    0x0800330a   0x0800330a   0x00000002   PAD
    0x0800330c   0x0800330c   0x00000078   Code   RO         3320    i.HAL_UART_Transmit_DMA  stm32f4xx_hal_uart.o
    0x08003384   0x08003384   0x00000002   Code   RO         3322    i.HAL_UART_TxCpltCallback  stm32f4xx_hal_uart.o
    0x08003386   0x08003386   0x00000002   Code   RO         3323    i.HAL_UART_TxHalfCpltCallback  stm32f4xx_hal_uart.o
    0x08003388   0x08003388   0x00000002   Code   RO          692    i.HardFault_Handler  stm32f4xx_it.o
    0x0800338a   0x0800338a   0x00000002   PAD
    0x0800338c   0x0800338c   0x00000044   Code   RO          444    i.MX_CAN1_Init      can.o
    0x080033d0   0x080033d0   0x00000044   Code   RO          445    i.MX_CAN2_Init      can.o
    0x08003414   0x08003414   0x0000008c   Code   RO          491    i.MX_DMA_Init       dma.o
    0x080034a0   0x080034a0   0x00000078   Code   RO          340    i.MX_FREERTOS_Init  freertos.o
    0x08003518   0x08003518   0x000000f8   Code   RO          302    i.MX_GPIO_Init      gpio.o
    0x08003610   0x08003610   0x0000002c   Code   RO          515    i.MX_IWDG_Init      iwdg.o
    0x0800363c   0x0800363c   0x00000038   Code   RO          550    i.MX_TIM10_Init     tim.o
    0x08003674   0x08003674   0x00000084   Code   RO          551    i.MX_TIM2_Init      tim.o
    0x080036f8   0x080036f8   0x00000094   Code   RO          552    i.MX_TIM3_Init      tim.o
    0x0800378c   0x0800378c   0x00000098   Code   RO          553    i.MX_TIM5_Init      tim.o
    0x08003824   0x08003824   0x00000040   Code   RO          625    i.MX_USART2_UART_Init  usart.o
    0x08003864   0x08003864   0x00000038   Code   RO          626    i.MX_USART3_UART_Init  usart.o
    0x0800389c   0x0800389c   0x00000040   Code   RO          627    i.MX_USART6_UART_Init  usart.o
    0x080038dc   0x080038dc   0x00000002   Code   RO          693    i.MemManage_Handler  stm32f4xx_it.o
    0x080038de   0x080038de   0x00000002   Code   RO          694    i.NMI_Handler       stm32f4xx_it.o
    0x080038e0   0x080038e0   0x0000021c   Code   RO         5501    i.PID_Angle_A_Para_Init  motorctrl.o
    0x08003afc   0x08003afc   0x00000170   Code   RO         5502    i.PID_Angle_S_Para_Init  motorctrl.o
    0x08003c6c   0x08003c6c   0x00000048   Code   RO         5574    i.PID_MODEL_initialize  pid_model.o
    0x08003cb4   0x08003cb4   0x0000181c   Code   RO         5575    i.PID_MODEL_step    pid_model.o
    0x080054d0   0x080054d0   0x0000018c   Code   RO         5503    i.PID_Speed_Para_Init  motorctrl.o
    0x0800565c   0x0800565c   0x00000520   Code   RO         5659    i.Reach_TGT         solve.o
    0x08005b7c   0x08005b7c   0x00000040   Code   RO         5660    i.Receive           solve.o
    0x08005bbc   0x08005bbc   0x000000d8   Code   RO         5705    i.Set_servo         throwball.o
    0x08005c94   0x08005c94   0x00000148   Code   RO          341    i.StartDefaultTask  freertos.o
    0x08005ddc   0x08005ddc   0x0000012c   Code   RO          342    i.StartRiseBall     freertos.o
    0x08005f08   0x08005f08   0x000000f4   Code   RO          343    i.StartThrowball    freertos.o
    0x08005ffc   0x08005ffc   0x000000a4   Code   RO          344    i.StartTransmit     freertos.o
    0x080060a0   0x080060a0   0x0000001a   Code   RO         4792    i.SysTick_Handler   cmsis_os2.o
    0x080060ba   0x080060ba   0x00000002   PAD
    0x080060bc   0x080060bc   0x00000098   Code   RO           17    i.SystemClock_Config  main.o
    0x08006154   0x08006154   0x00000010   Code   RO         3645    i.SystemInit        system_stm32f4xx.o
    0x08006164   0x08006164   0x0000000c   Code   RO          695    i.TIM1_UP_TIM10_IRQHandler  stm32f4xx_it.o
    0x08006170   0x08006170   0x0000000c   Code   RO          696    i.TIM4_IRQHandler   stm32f4xx_it.o
    0x0800617c   0x0800617c   0x000000d8   Code   RO         2403    i.TIM_Base_SetConfig  stm32f4xx_hal_tim.o
    0x08006254   0x08006254   0x0000001a   Code   RO         2404    i.TIM_CCxChannelCmd  stm32f4xx_hal_tim.o
    0x0800626e   0x0800626e   0x00000002   PAD
    0x08006270   0x08006270   0x00000060   Code   RO         2416    i.TIM_OC1_SetConfig  stm32f4xx_hal_tim.o
    0x080062d0   0x080062d0   0x0000006c   Code   RO         2417    i.TIM_OC2_SetConfig  stm32f4xx_hal_tim.o
    0x0800633c   0x0800633c   0x00000068   Code   RO         2418    i.TIM_OC3_SetConfig  stm32f4xx_hal_tim.o
    0x080063a4   0x080063a4   0x00000050   Code   RO         2419    i.TIM_OC4_SetConfig  stm32f4xx_hal_tim.o
    0x080063f4   0x080063f4   0x00000010   Code   RO         3324    i.UART_DMAAbortOnError  stm32f4xx_hal_uart.o
    0x08006404   0x08006404   0x0000004a   Code   RO         3325    i.UART_DMAError     stm32f4xx_hal_uart.o
    0x0800644e   0x0800644e   0x00000086   Code   RO         3326    i.UART_DMAReceiveCplt  stm32f4xx_hal_uart.o
    0x080064d4   0x080064d4   0x0000001e   Code   RO         3328    i.UART_DMARxHalfCplt  stm32f4xx_hal_uart.o
    0x080064f2   0x080064f2   0x00000042   Code   RO         3330    i.UART_DMATransmitCplt  stm32f4xx_hal_uart.o
    0x08006534   0x08006534   0x0000000a   Code   RO         3332    i.UART_DMATxHalfCplt  stm32f4xx_hal_uart.o
    0x0800653e   0x0800653e   0x0000004e   Code   RO         3334    i.UART_EndRxTransfer  stm32f4xx_hal_uart.o
    0x0800658c   0x0800658c   0x0000001c   Code   RO         3335    i.UART_EndTxTransfer  stm32f4xx_hal_uart.o
    0x080065a8   0x080065a8   0x000000c2   Code   RO         3336    i.UART_Receive_IT   stm32f4xx_hal_uart.o
    0x0800666a   0x0800666a   0x00000002   PAD
    0x0800666c   0x0800666c   0x0000010c   Code   RO         3337    i.UART_SetConfig    stm32f4xx_hal_uart.o
    0x08006778   0x08006778   0x00000090   Code   RO         3338    i.UART_Start_Receive_DMA  stm32f4xx_hal_uart.o
    0x08006808   0x08006808   0x0000000c   Code   RO          697    i.USART2_IRQHandler  stm32f4xx_it.o
    0x08006814   0x08006814   0x0000000c   Code   RO          698    i.USART3_IRQHandler  stm32f4xx_it.o
    0x08006820   0x08006820   0x0000000c   Code   RO          699    i.USART6_IRQHandler  stm32f4xx_it.o
    0x0800682c   0x0800682c   0x00000002   Code   RO          700    i.UsageFault_Handler  stm32f4xx_it.o
    0x0800682e   0x0800682e   0x00000030   Code   RO         6020    i.__ARM_fpclassify  m_wm.l(fpclassify.o)
    0x0800685e   0x0800685e   0x00000020   Code   RO         1898    i.__NVIC_SetPriority  stm32f4xx_hal_cortex.o
    0x0800687e   0x0800687e   0x00000002   PAD
    0x08006880   0x08006880   0x000002d8   Code   RO         5888    i.__hardfp_atan     m_wm.l(atan.o)
    0x08006b58   0x08006b58   0x00000200   Code   RO         5902    i.__hardfp_atan2    m_wm.l(atan2.o)
    0x08006d58   0x08006d58   0x000000c8   Code   RO         5914    i.__hardfp_cos      m_wm.l(cos.o)
    0x08006e20   0x08006e20   0x00000014   Code   RO         5926    i.__hardfp_fabs     m_wm.l(fabs.o)
    0x08006e34   0x08006e34   0x00000004   PAD
    0x08006e38   0x08006e38   0x00000c50   Code   RO         5932    i.__hardfp_pow      m_wm.l(pow.o)
    0x08007a88   0x08007a88   0x000000c8   Code   RO         5946    i.__hardfp_sin      m_wm.l(sin.o)
    0x08007b50   0x08007b50   0x0000007a   Code   RO         5958    i.__hardfp_sqrt     m_wm.l(sqrt.o)
    0x08007bca   0x08007bca   0x00000006   PAD
    0x08007bd0   0x08007bd0   0x00000438   Code   RO         6025    i.__ieee754_rem_pio2  m_wm.l(rred.o)
    0x08008008   0x08008008   0x00000170   Code   RO         6003    i.__kernel_cos      m_wm.l(cos_i.o)
    0x08008178   0x08008178   0x000000f8   Code   RO         6022    i.__kernel_poly     m_wm.l(poly.o)
    0x08008270   0x08008270   0x00000130   Code   RO         6030    i.__kernel_sin      m_wm.l(sin_i.o)
    0x080083a0   0x080083a0   0x00000030   Code   RO         6006    i.__mathlib_dbl_divzero  m_wm.l(dunder.o)
    0x080083d0   0x080083d0   0x00000014   Code   RO         6007    i.__mathlib_dbl_infnan  m_wm.l(dunder.o)
    0x080083e4   0x080083e4   0x00000014   Code   RO         6008    i.__mathlib_dbl_infnan2  m_wm.l(dunder.o)
    0x080083f8   0x080083f8   0x00000020   Code   RO         6009    i.__mathlib_dbl_invalid  m_wm.l(dunder.o)
    0x08008418   0x08008418   0x00000020   Code   RO         6010    i.__mathlib_dbl_overflow  m_wm.l(dunder.o)
    0x08008438   0x08008438   0x00000020   Code   RO         6012    i.__mathlib_dbl_underflow  m_wm.l(dunder.o)
    0x08008458   0x08008458   0x00000288   Code   RO         5504    i.assign_output     motorctrl.o
    0x080086e0   0x080086e0   0x00000010   Code   RO         5890    i.atan              m_wm.l(atan.o)
    0x080086f0   0x080086f0   0x00000210   Code   RO         5505    i.cala_d            motorctrl.o
    0x08008900   0x08008900   0x00000054   Code   RO         5736    i.can_filter_init   bsp_can.o
    0x08008954   0x08008954   0x000005c6   Code   RO          345    i.chalogic          freertos.o
    0x08008f1a   0x08008f1a   0x00000002   PAD
    0x08008f1c   0x08008f1c   0x0000034c   Code   RO          346    i.chasfunc          freertos.o
    0x08009268   0x08009268   0x00000026   Code   RO         5737    i.circle_cc         bsp_can.o
    0x0800928e   0x0800928e   0x00000002   PAD
    0x08009290   0x08009290   0x00000b5c   Code   RO         5506    i.ctrlmotor         motorctrl.o
    0x08009dec   0x08009dec   0x0000001c   Code   RO         5477    i.delay_us          delay.o
    0x08009e08   0x08009e08   0x00000018   Code   RO         5928    i.fabs              m_wm.l(fabs.o)
    0x08009e20   0x08009e20   0x0000035c   Code   RO         5507    i.get_msgn          motorctrl.o
    0x0800a17c   0x0800a17c   0x00000578   Code   RO           18    i.main              main.o
    0x0800a6f4   0x0800a6f4   0x0000002c   Code   RO         5740    i.motor_state_update  bsp_can.o
    0x0800a720   0x0800a720   0x0000002c   Code   RO         5741    i.motor_state_update1  bsp_can.o
    0x0800a74c   0x0800a74c   0x0000001a   Code   RO         4794    i.osDelay           cmsis_os2.o
    0x0800a766   0x0800a766   0x00000002   PAD
    0x0800a768   0x0800a768   0x00000024   Code   RO         4808    i.osKernelInitialize  cmsis_os2.o
    0x0800a78c   0x0800a78c   0x00000038   Code   RO         4811    i.osKernelStart     cmsis_os2.o
    0x0800a7c4   0x0800a7c4   0x0000008a   Code   RO         4853    i.osThreadNew       cmsis_os2.o
    0x0800a84e   0x0800a84e   0x00000002   PAD
    0x0800a850   0x0800a850   0x0000005c   Code   RO         4253    i.prvAddCurrentTaskToDelayedList  tasks.o
    0x0800a8ac   0x0800a8ac   0x000000d0   Code   RO         4254    i.prvAddNewTaskToReadyList  tasks.o
    0x0800a97c   0x0800a97c   0x00000058   Code   RO         4618    i.prvCheckForValidListAndQueue  timers.o
    0x0800a9d4   0x0800a9d4   0x00000026   Code   RO         3850    i.prvCopyDataFromQueue  queue.o
    0x0800a9fa   0x0800a9fa   0x0000006c   Code   RO         3851    i.prvCopyDataToQueue  queue.o
    0x0800aa66   0x0800aa66   0x00000034   Code   RO         4255    i.prvDeleteTCB      tasks.o
    0x0800aa9a   0x0800aa9a   0x00000002   PAD
    0x0800aa9c   0x0800aa9c   0x0000004c   Code   RO         5305    i.prvHeapInit       heap_4.o
    0x0800aae8   0x0800aae8   0x00000060   Code   RO         4256    i.prvIdleTask       tasks.o
    0x0800ab48   0x0800ab48   0x00000022   Code   RO         3853    i.prvInitialiseNewQueue  queue.o
    0x0800ab6a   0x0800ab6a   0x00000002   PAD
    0x0800ab6c   0x0800ab6c   0x000000b0   Code   RO         4257    i.prvInitialiseNewTask  tasks.o
    0x0800ac1c   0x0800ac1c   0x0000004c   Code   RO         5306    i.prvInsertBlockIntoFreeList  heap_4.o
    0x0800ac68   0x0800ac68   0x00000038   Code   RO         4620    i.prvInsertTimerInActiveList  timers.o
    0x0800aca0   0x0800aca0   0x0000001c   Code   RO         3854    i.prvIsQueueEmpty   queue.o
    0x0800acbc   0x0800acbc   0x000000fc   Code   RO         4621    i.prvProcessReceivedCommands  timers.o
    0x0800adb8   0x0800adb8   0x000000c0   Code   RO         4622    i.prvProcessTimerOrBlockTask  timers.o
    0x0800ae78   0x0800ae78   0x00000020   Code   RO         4259    i.prvResetNextTaskUnblockTime  tasks.o
    0x0800ae98   0x0800ae98   0x00000028   Code   RO         4623    i.prvSampleTimeNow  timers.o
    0x0800aec0   0x0800aec0   0x0000006c   Code   RO         4624    i.prvSwitchTimerLists  timers.o
    0x0800af2c   0x0800af2c   0x00000028   Code   RO         5361    i.prvTaskExitError  port.o
    0x0800af54   0x0800af54   0x00000024   Code   RO         4625    i.prvTimerTask      timers.o
    0x0800af78   0x0800af78   0x0000006a   Code   RO         3855    i.prvUnlockQueue    queue.o
    0x0800afe2   0x0800afe2   0x00000002   PAD
    0x0800afe4   0x0800afe4   0x000000a4   Code   RO          347    i.put_ball          freertos.o
    0x0800b088   0x0800b088   0x000000dc   Code   RO         5307    i.pvPortMalloc      heap_4.o
    0x0800b164   0x0800b164   0x0000002c   Code   RO         5362    i.pxPortInitialiseStack  port.o
    0x0800b190   0x0800b190   0x000000b0   Code   RO         5508    i.set_mode          motorctrl.o
    0x0800b240   0x0800b240   0x0000006e   Code   RO         5960    i.sqrt              m_wm.l(sqrt.o)
    0x0800b2ae   0x0800b2ae   0x00000002   PAD
    0x0800b2b0   0x0800b2b0   0x000001a8   Code   RO          348    i.throw_ball_to_left  freertos.o
    0x0800b458   0x0800b458   0x000001ac   Code   RO          349    i.throw_ball_to_right  freertos.o
    0x0800b604   0x0800b604   0x00000120   Code   RO         5622    i.update_sbus       sbus.o
    0x0800b724   0x0800b724   0x00000026   Code   RO         3810    i.uxListRemove      list.o
    0x0800b74a   0x0800b74a   0x00000002   PAD
    0x0800b74c   0x0800b74c   0x00000014   Code   RO         4865    i.vApplicationGetIdleTaskMemory  cmsis_os2.o
    0x0800b760   0x0800b760   0x00000018   Code   RO         4866    i.vApplicationGetTimerTaskMemory  cmsis_os2.o
    0x0800b778   0x0800b778   0x00000016   Code   RO         3811    i.vListInitialise   list.o
    0x0800b78e   0x0800b78e   0x00000006   Code   RO         3812    i.vListInitialiseItem  list.o
    0x0800b794   0x0800b794   0x00000030   Code   RO         3813    i.vListInsert       list.o
    0x0800b7c4   0x0800b7c4   0x00000018   Code   RO         3814    i.vListInsertEnd    list.o
    0x0800b7dc   0x0800b7dc   0x00000040   Code   RO         5364    i.vPortEnterCritical  port.o
    0x0800b81c   0x0800b81c   0x00000028   Code   RO         5365    i.vPortExitCritical  port.o
    0x0800b844   0x0800b844   0x00000064   Code   RO         5308    i.vPortFree         heap_4.o
    0x0800b8a8   0x0800b8a8   0x00000024   Code   RO         5366    i.vPortSetupTimerInterrupt  port.o
    0x0800b8cc   0x0800b8cc   0x00000054   Code   RO         5367    i.vPortValidateInterruptPriority  port.o
    0x0800b920   0x0800b920   0x00000028   Code   RO         3861    i.vQueueAddToRegistry  queue.o
    0x0800b948   0x0800b948   0x00000044   Code   RO         3865    i.vQueueWaitForMessageRestricted  queue.o
    0x0800b98c   0x0800b98c   0x0000004c   Code   RO         4272    i.vTaskDelay        tasks.o
    0x0800b9d8   0x0800b9d8   0x00000010   Code   RO         4277    i.vTaskInternalSetTimeOutState  tasks.o
    0x0800b9e8   0x0800b9e8   0x0000000c   Code   RO         4278    i.vTaskMissedYield  tasks.o
    0x0800b9f4   0x0800b9f4   0x00000030   Code   RO         4280    i.vTaskPlaceOnEventList  tasks.o
    0x0800ba24   0x0800ba24   0x00000038   Code   RO         4281    i.vTaskPlaceOnEventListRestricted  tasks.o
    0x0800ba5c   0x0800ba5c   0x00000088   Code   RO         4289    i.vTaskStartScheduler  tasks.o
    0x0800bae4   0x0800bae4   0x00000010   Code   RO         4291    i.vTaskSuspendAll   tasks.o
    0x0800baf4   0x0800baf4   0x00000064   Code   RO         4292    i.vTaskSwitchContext  tasks.o
    0x0800bb58   0x0800bb58   0x000000f4   Code   RO         5368    i.xPortStartScheduler  port.o
    0x0800bc4c   0x0800bc4c   0x0000002c   Code   RO         5369    i.xPortSysTickHandler  port.o
    0x0800bc78   0x0800bc78   0x00000066   Code   RO         3871    i.xQueueGenericCreateStatic  queue.o
    0x0800bcde   0x0800bcde   0x00000002   PAD
    0x0800bce0   0x0800bce0   0x00000088   Code   RO         3872    i.xQueueGenericReset  queue.o
    0x0800bd68   0x0800bd68   0x00000160   Code   RO         3873    i.xQueueGenericSend  queue.o
    0x0800bec8   0x0800bec8   0x000000be   Code   RO         3874    i.xQueueGenericSendFromISR  queue.o
    0x0800bf86   0x0800bf86   0x00000002   PAD
    0x0800bf88   0x0800bf88   0x00000138   Code   RO         3883    i.xQueueReceive     queue.o
    0x0800c0c0   0x0800c0c0   0x00000074   Code   RO         4294    i.xTaskCheckForTimeOut  tasks.o
    0x0800c134   0x0800c134   0x0000005a   Code   RO         4295    i.xTaskCreate       tasks.o
    0x0800c18e   0x0800c18e   0x00000056   Code   RO         4296    i.xTaskCreateStatic  tasks.o
    0x0800c1e4   0x0800c1e4   0x0000001c   Code   RO         4300    i.xTaskGetSchedulerState  tasks.o
    0x0800c200   0x0800c200   0x0000000c   Code   RO         4301    i.xTaskGetTickCount  tasks.o
    0x0800c20c   0x0800c20c   0x000000c8   Code   RO         4303    i.xTaskIncrementTick  tasks.o
    0x0800c2d4   0x0800c2d4   0x00000080   Code   RO         4306    i.xTaskPriorityDisinherit  tasks.o
    0x0800c354   0x0800c354   0x00000070   Code   RO         4308    i.xTaskRemoveFromEventList  tasks.o
    0x0800c3c4   0x0800c3c4   0x000000c4   Code   RO         4309    i.xTaskResumeAll    tasks.o
    0x0800c488   0x0800c488   0x00000060   Code   RO         4634    i.xTimerCreateTimerTask  timers.o
    0x0800c4e8   0x0800c4e8   0x00000068   Code   RO         4635    i.xTimerGenericCommand  timers.o
    0x0800c550   0x0800c550   0x00000018   Code   RO         5850    x$fpl$basic         fz_wm.l(basic.o)
    0x0800c568   0x0800c568   0x00000062   Code   RO         5852    x$fpl$d2f           fz_wm.l(d2f.o)
    0x0800c5ca   0x0800c5ca   0x00000002   PAD
    0x0800c5cc   0x0800c5cc   0x00000150   Code   RO         5854    x$fpl$dadd          fz_wm.l(daddsub_clz.o)
    0x0800c71c   0x0800c71c   0x00000010   Code   RO         6060    x$fpl$dcheck1       fz_wm.l(dcheck1.o)
    0x0800c72c   0x0800c72c   0x00000018   Code   RO         5988    x$fpl$dcmpinf       fz_wm.l(dcmpi.o)
    0x0800c744   0x0800c744   0x000002b0   Code   RO         5861    x$fpl$ddiv          fz_wm.l(ddiv.o)
    0x0800c9f4   0x0800c9f4   0x00000078   Code   RO         5864    x$fpl$deqf          fz_wm.l(deqf.o)
    0x0800ca6c   0x0800ca6c   0x0000005e   Code   RO         5866    x$fpl$dfix          fz_wm.l(dfix.o)
    0x0800caca   0x0800caca   0x00000002   PAD
    0x0800cacc   0x0800cacc   0x0000005a   Code   RO         5870    x$fpl$dfixu         fz_wm.l(dfixu.o)
    0x0800cb26   0x0800cb26   0x0000002e   Code   RO         5875    x$fpl$dflt          fz_wm.l(dflt_clz.o)
    0x0800cb54   0x0800cb54   0x00000026   Code   RO         5874    x$fpl$dfltu         fz_wm.l(dflt_clz.o)
    0x0800cb7a   0x0800cb7a   0x00000002   PAD
    0x0800cb7c   0x0800cb7c   0x00000078   Code   RO         5880    x$fpl$dleqf         fz_wm.l(dleqf.o)
    0x0800cbf4   0x0800cbf4   0x00000154   Code   RO         5882    x$fpl$dmul          fz_wm.l(dmul.o)
    0x0800cd48   0x0800cd48   0x0000009c   Code   RO         5990    x$fpl$dnaninf       fz_wm.l(dnaninf.o)
    0x0800cde4   0x0800cde4   0x0000000c   Code   RO         5992    x$fpl$dretinf       fz_wm.l(dretinf.o)
    0x0800cdf0   0x0800cdf0   0x0000006c   Code   RO         5884    x$fpl$drleqf        fz_wm.l(drleqf.o)
    0x0800ce5c   0x0800ce5c   0x00000016   Code   RO         5855    x$fpl$drsb          fz_wm.l(daddsub_clz.o)
    0x0800ce72   0x0800ce72   0x00000002   PAD
    0x0800ce74   0x0800ce74   0x00000198   Code   RO         5994    x$fpl$dsqrt         fz_wm.l(dsqrt_umaal.o)
    0x0800d00c   0x0800d00c   0x000001d4   Code   RO         5856    x$fpl$dsub          fz_wm.l(daddsub_clz.o)
    0x0800d1e0   0x0800d1e0   0x00000056   Code   RO         5886    x$fpl$f2d           fz_wm.l(f2d.o)
    0x0800d236   0x0800d236   0x0000008c   Code   RO         5996    x$fpl$fnaninf       fz_wm.l(fnaninf.o)
    0x0800d2c2   0x0800d2c2   0x0000000a   Code   RO         6151    x$fpl$fpinit        fz_wm.l(fpinit.o)
    0x0800d2cc   0x0800d2cc   0x0000000a   Code   RO         5998    x$fpl$fretinf       fz_wm.l(fretinf.o)
    0x0800d2d6   0x0800d2d6   0x00000064   Code   RO         6079    x$fpl$retnan        fz_wm.l(retnan.o)
    0x0800d33a   0x0800d33a   0x0000005c   Code   RO         6000    x$fpl$scalbn        fz_wm.l(scalbn.o)
    0x0800d396   0x0800d396   0x00000030   Code   RO         6134    x$fpl$trapveneer    fz_wm.l(trapv.o)
    0x0800d3c6   0x0800d3c6   0x00000000   Code   RO         6002    x$fpl$usenofp       fz_wm.l(usenofp.o)
    0x0800d3c6   0x0800d3c6   0x00000002   PAD
    0x0800d3c8   0x0800d3c8   0x000000d8   Data   RO          353    .constdata          freertos.o
    0x0800d4a0   0x0800d4a0   0x00000008   Data   RO         1614    .constdata          stm32f4xx_hal_dma.o
    0x0800d4a8   0x0800d4a8   0x00000010   Data   RO         3646    .constdata          system_stm32f4xx.o
    0x0800d4b8   0x0800d4b8   0x00000008   Data   RO         3647    .constdata          system_stm32f4xx.o
    0x0800d4c0   0x0800d4c0   0x00000098   Data   RO         5891    .constdata          m_wm.l(atan.o)
    0x0800d558   0x0800d558   0x00000088   Data   RO         5935    .constdata          m_wm.l(pow.o)
    0x0800d5e0   0x0800d5e0   0x00000030   Data   RO         6004    .constdata          m_wm.l(cos_i.o)
    0x0800d610   0x0800d610   0x00000008   Data   RO         6024    .constdata          m_wm.l(qnan.o)
    0x0800d618   0x0800d618   0x000000c8   Data   RO         6027    .constdata          m_wm.l(rred.o)
    0x0800d6e0   0x0800d6e0   0x00000028   Data   RO         6031    .constdata          m_wm.l(sin_i.o)
    0x0800d708   0x0800d708   0x0000003d   Data   RO          354    .conststring        freertos.o
    0x0800d745   0x0800d745   0x00000003   PAD
    0x0800d748   0x0800d748   0x00000020   Data   RO         6209    Region$$Table       anon$$obj.o


    Execution Region RW_IRAM1 (Exec base: 0x20000000, Load base: 0x0800d768, Size: 0x00006398, Max: 0x0001c000, ABSOLUTE, COMPRESSED[0x0000004c])

    Exec Addr    Load Addr    Size         Type   Attr      Idx    E Section Name        Object

    0x20000000   COMPRESSED   0x0000001c   Data   RW           28    .data               main.o
    0x2000001c   COMPRESSED   0x00000004   PAD
    0x20000020   COMPRESSED   0x00000008   Data   RW           29    .data               main.o
    0x20000028   COMPRESSED   0x00000008   Data   RW           32    .data               main.o
    0x20000030   COMPRESSED   0x00000008   Data   RW           33    .data               main.o
    0x20000038   COMPRESSED   0x00000008   Data   RW           34    .data               main.o
    0x20000040   COMPRESSED   0x00000002   Data   RW           35    .data               main.o
    0x20000042   COMPRESSED   0x00000002   Data   RW           36    .data               main.o
    0x20000044   COMPRESSED   0x00000002   Data   RW           37    .data               main.o
    0x20000046   COMPRESSED   0x00000002   Data   RW           38    .data               main.o
    0x20000048   COMPRESSED   0x00000002   Data   RW           39    .data               main.o
    0x2000004a   COMPRESSED   0x00000002   Data   RW           40    .data               main.o
    0x2000004c   COMPRESSED   0x00000001   Data   RW           42    .data               main.o
    0x2000004d   COMPRESSED   0x00000001   Data   RW           43    .data               main.o
    0x2000004e   COMPRESSED   0x00000001   Data   RW           44    .data               main.o
    0x2000004f   COMPRESSED   0x00000001   PAD
    0x20000050   COMPRESSED   0x00000010   Data   RW          304    .data               gpio.o
    0x20000060   COMPRESSED   0x00000048   Data   RW          355    .data               freertos.o
    0x200000a8   COMPRESSED   0x00000004   Data   RW          447    .data               can.o
    0x200000ac   COMPRESSED   0x0000000c   Data   RW         2047    .data               stm32f4xx_hal.o
    0x200000b8   COMPRESSED   0x00000004   Data   RW         3648    .data               system_stm32f4xx.o
    0x200000bc   COMPRESSED   0x0000003c   Data   RW         4312    .data               tasks.o
    0x200000f8   COMPRESSED   0x00000014   Data   RW         4643    .data               timers.o
    0x2000010c   COMPRESSED   0x00000004   Data   RW         4868    .data               cmsis_os2.o
    0x20000110   COMPRESSED   0x00000020   Data   RW         5314    .data               heap_4.o
    0x20000130   COMPRESSED   0x0000000c   Data   RW         5370    .data               port.o
    0x2000013c   COMPRESSED   0x00000004   PAD
    0x20000140   COMPRESSED   0x00000010   Data   RW         5510    .data               motorctrl.o
    0x20000150   COMPRESSED   0x00000268   Data   RW         5605    .data               pid_model_data.o
    0x200003b8   COMPRESSED   0x00000030   Data   RW         5662    .data               solve.o
    0x200003e8   COMPRESSED   0x00000022   Data   RW         5743    .data               bsp_can.o
    0x2000040a   COMPRESSED   0x00000002   PAD
    0x2000040c        -       0x000000ea   Zero   RW           19    .bss                main.o
    0x200004f6        -       0x0000001e   Zero   RW           22    .bss                main.o
    0x20000514        -       0x00000010   Zero   RW           23    .bss                main.o
    0x20000524        -       0x00000010   Zero   RW           24    .bss                main.o
    0x20000534   COMPRESSED   0x00000004   PAD
    0x20000538        -       0x00000020   Zero   RW           27    .bss                main.o
    0x20000558        -       0x00000020   Zero   RW          303    .bss                gpio.o
    0x20000578        -       0x00000124   Zero   RW          350    .bss                freertos.o
    0x2000069c        -       0x00000050   Zero   RW          446    .bss                can.o
    0x200006ec        -       0x0000000c   Zero   RW          516    .bss                iwdg.o
    0x200006f8        -       0x00000120   Zero   RW          554    .bss                tim.o
    0x20000818        -       0x00000318   Zero   RW          628    .bss                usart.o
    0x20000b30        -       0x00000048   Zero   RW          870    .bss                stm32f4xx_hal_timebase_tim.o
    0x20000b78        -       0x00000040   Zero   RW         3887    .bss                queue.o
    0x20000bb8        -       0x000004c4   Zero   RW         4311    .bss                tasks.o
    0x2000107c        -       0x00000118   Zero   RW         4642    .bss                timers.o
    0x20001194        -       0x000006b8   Zero   RW         4867    .bss                cmsis_os2.o
    0x2000184c        -       0x00003c00   Zero   RW         5313    .bss                heap_4.o
    0x2000544c        -       0x00000038   Zero   RW         5442    .bss                calculate.o
    0x20005484   COMPRESSED   0x00000004   PAD
    0x20005488        -       0x00000190   Zero   RW         5509    .bss                motorctrl.o
    0x20005618        -       0x0000039c   Zero   RW         5576    .bss                pid_model.o
    0x200059b4        -       0x00000054   Zero   RW         5623    .bss                sbus.o
    0x20005a08        -       0x00000190   Zero   RW         5706    .bss                throwball.o
    0x20005b98        -       0x000001a0   Zero   RW         5742    .bss                bsp_can.o
    0x20005d38        -       0x00000060   Zero   RW         6063    .bss                c_w.l(libspace.o)
    0x20005d98        -       0x00000200   Zero   RW            2    HEAP                startup_stm32f407xx.o
    0x20005f98        -       0x00000400   Zero   RW            1    STACK               startup_stm32f407xx.o


    Execution Region RW_IRAM2 (Exec base: 0x2001c000, Load base: 0x0800d7b4, Size: 0x00000000, Max: 0x00004000, ABSOLUTE)

    **** No section assigned to this execution region ****


==============================================================================

Image component sizes


      Code (inc. data)   RO Data    RW Data    ZI Data      Debug   Object Name

       762         68          0         34        416       6513   bsp_can.o
       510         54          0          0         56       2617   calculate.o
       420         42          0          4         80       2550   can.o
       326         22          0          4       1720      65299   cmsis_os2.o
        28          6          0          0          0        527   delay.o
       140          4          0          0          0        870   dma.o
         0          0          0          0          0      19496   event_groups.o
      4494        546        277         72        292      40506   freertos.o
       688         72          0         16         32       2766   gpio.o
       472         24          0         32      15360       4919   heap_4.o
        44          8          0          0         12        743   iwdg.o
       138          0          0          0          0       3602   list.o
      2132        192          0         75        328     726975   main.o
      6424        222          0         16        400       9653   motorctrl.o
      6376        100          0          0        924      17429   pid_model.o
         0          0          0        616          0      10833   pid_model_data.o
       786         82          0         12          0      11625   port.o
      1514         20          0          0         64      17560   queue.o
       288          4          0          0         84       2082   sbus.o
      1376        124          0         48          0       2333   solve.o
        64         26        392          0       1536        852   startup_stm32f407xx.o
        80         14          0         12          0       8138   stm32f4xx_hal.o
      1658          6          0          0          0      14511   stm32f4xx_hal_can.o
       158         14          0          0          0      33074   stm32f4xx_hal_cortex.o
      1084         16          8          0          0       7438   stm32f4xx_hal_dma.o
       520         52          0          0          0       2191   stm32f4xx_hal_gpio.o
       102          0          0          0          0       1919   stm32f4xx_hal_iwdg.o
        56          4          0          0          0        886   stm32f4xx_hal_msp.o
      1420         88          0          0          0       6461   stm32f4xx_hal_rcc.o
      1654        138          0          0          0      13340   stm32f4xx_hal_tim.o
       148         28          0          0          0       2529   stm32f4xx_hal_tim_ex.o
       152         20          0          0         72       1511   stm32f4xx_hal_timebase_tim.o
      1922         44          0          0          0      14865   stm32f4xx_hal_uart.o
       254         90          0          0          0      11643   stm32f4xx_it.o
         0          0          0          0          0        384   stream_buffer.o
        16          4         24          4          0       1159   system_stm32f4xx.o
      2084        168          0         60       1220      27160   tasks.o
       216         26          0          0        400       1887   throwball.o
       872         76          0          0        288       5259   tim.o
       972         80          0         20        280      32295   timers.o
       860         72          0          0        792       3822   usart.o

    ----------------------------------------------------------------------
     41262       2556        736       1036      24364    1140222   Object Totals
         0          0         32          0          0          0   (incl. Generated)
        52          0          3         11          8          0   (incl. Padding)

    ----------------------------------------------------------------------

      Code (inc. data)   RO Data    RW Data    ZI Data      Debug   Library Member Name

        44          6          0          0          0         84   __2sprintf.o
        90          0          0          0          0          0   __dczerorl2.o
         8          0          0          0          0         68   __main.o
       104          0          0          0          0         84   __printf.o
         0          0          0          0          0          0   __rtentry.o
        12          0          0          0          0          0   __rtentry2.o
         6          0          0          0          0          0   __rtentry4.o
        52          8          0          0          0          0   __scatter.o
        28          0          0          0          0          0   __scatter_zi.o
        48          6          0          0          0         96   _printf_char_common.o
         6          0          0          0          0          0   _printf_d.o
       120         16          0          0          0         92   _printf_dec.o
       178          0          0          0          0         88   _printf_intcommon.o
         0          0          0          0          0          0   _printf_percent.o
         4          0          0          0          0          0   _printf_percent_end.o
        22          0          0          0          0        100   _rserrno.o
        10          0          0          0          0         68   _sputc.o
        16          0          0          0          0         68   aeabi_memset.o
        18          0          0          0          0         80   exit.o
         6          0          0          0          0        152   heapauxi.o
         0          0          0          0          0          0   indicate_semi.o
         2          0          0          0          0          0   libinit.o
         6          0          0          0          0          0   libinit2.o
         2          0          0          0          0          0   libshutdown.o
         2          0          0          0          0          0   libshutdown2.o
         8          4          0          0         96         68   libspace.o
       238          0          0          0          0        100   lludivv7m.o
         8          4          0          0          0         68   rt_errno_addr_intlibspace.o
        68          0          0          0          0         68   rt_memclr.o
        78          0          0          0          0         80   rt_memclr_w.o
       138          0          0          0          0         68   rt_memcpy_v6.o
       100          0          0          0          0         80   rt_memcpy_w.o
         2          0          0          0          0          0   rtexit.o
        10          0          0          0          0          0   rtexit2.o
        12          4          0          0          0         68   sys_exit.o
        74          0          0          0          0         80   sys_stackheap_outer.o
         2          0          0          0          0         68   use_no_semi.o
        24          0          0          0          0        164   basic.o
        98          4          0          0          0        140   d2f.o
       826         16          0          0          0        492   daddsub_clz.o
        16          4          0          0          0        116   dcheck1.o
        24          0          0          0          0        116   dcmpi.o
       688        140          0          0          0        256   ddiv.o
       120          4          0          0          0        140   deqf.o
        94          4          0          0          0        140   dfix.o
        90          4          0          0          0        140   dfixu.o
        84          0          0          0          0        232   dflt_clz.o
       120          4          0          0          0        140   dleqf.o
       340         12          0          0          0        152   dmul.o
       156          4          0          0          0        140   dnaninf.o
        12          0          0          0          0        116   dretinf.o
       108          0          0          0          0        128   drleqf.o
       408         56          0          0          0        168   dsqrt_umaal.o
        86          4          0          0          0        132   f2d.o
       140          4          0          0          0        132   fnaninf.o
        10          0          0          0          0        116   fpinit.o
        10          0          0          0          0        116   fretinf.o
       100          0          0          0          0        116   retnan.o
        92          0          0          0          0        116   scalbn.o
        48          0          0          0          0        116   trapv.o
         0          0          0          0          0          0   usenofp.o
       744        106        152          0          0        352   atan.o
       512         64          0          0          0        208   atan2.o
       200         20          0          0          0        164   cos.o
       368         46         48          0          0        200   cos_i.o
       184         44          0          0          0        744   dunder.o
        44          0          0          0          0        248   fabs.o
        48          0          0          0          0        124   fpclassify.o
       248          0          0          0          0        152   poly.o
      3152        296        136          0          0        352   pow.o
         0          0          8          0          0          0   qnan.o
      1080        142        200          0          0        188   rred.o
       200         20          0          0          0        164   sin.o
       304         24         40          0          0        208   sin_i.o
       232          0          0          0          0        296   sqrt.o

    ----------------------------------------------------------------------
     12562       1070        584          0         96       8752   Library Totals
        30          0          0          0          0          0   (incl. Padding)

    ----------------------------------------------------------------------

      Code (inc. data)   RO Data    RW Data    ZI Data      Debug   Library Name

      1522         48          0          0         96       1728   c_w.l
      3694        260          0          0          0       3624   fz_wm.l
      7316        762        584          0          0       3400   m_wm.l

    ----------------------------------------------------------------------
     12562       1070        584          0         96       8752   Library Totals

    ----------------------------------------------------------------------

==============================================================================


      Code (inc. data)   RO Data    RW Data    ZI Data      Debug   

     53824       3626       1320       1036      24460    1120690   Grand Totals
     53824       3626       1320         76      24460    1120690   ELF Image Totals (compressed)
     53824       3626       1320         76          0          0   ROM Totals

==============================================================================

    Total RO  Size (Code + RO Data)                55144 (  53.85kB)
    Total RW  Size (RW Data + ZI Data)             25496 (  24.90kB)
    Total ROM Size (Code + RO Data + RW Data)      55220 (  53.93kB)

==============================================================================

